<html>
<body>
<pre>
<h1>µVision Build Log</h1>
<h2>Tool Versions:</h2>
IDE-Version: µVision V5.43.1.0
Copyright (C) 2025 ARM Ltd and ARM Germany GmbH. All rights reserved.
License Information: iut cachan iut cachan Flex license: MDK Professional 5.43 (Flex) (mdk_pro) Operation stops: 11 Apr 2027
 
Tool Versions:
Toolchain:       MDK Professional 5.43 (Flex)  Version: 5.43.0.0
Toolchain Path:  C:\Keil_v5\ARM\ARMCLANG\Bin
C Compiler:      ArmClang.exe V6.24
Assembler:       Armasm.exe V6.24
Linker/Locator:  ArmLink.exe V6.24
Library Manager: ArmAr.exe V6.24
Hex Converter:   FromElf.exe V6.24
CPU DLL:         SARMCM3.DLL V5.43.0.0
Dialog DLL:      DARMP1.DLL V1.28.1.0
Target DLL:      UL2CM3.DLL V1.164.16.0
Dialog DLL:      TARMP1.DLL V1.27.1.0
 
<h2>Project:</h2>
U:\Piloter\Vitesse_potar\RTOS.uvprojx
Project File Date:  03/26/2026

<h2>Output:</h2>
*** Using Compiler 'V6.24', folder: 'C:\Keil_v5\ARM\ARMCLANG\Bin'
Build target 'Target_1'
main.c(87): warning: unused parameter 'argument' [-Wunused-parameter]
   87 | void thread_motor(void const *argument) {
      |                               ^
1 warning generated.
compiling main.c...
linking...
Program Size: Code=20116 RO-data=640 RW-data=204 ZI-data=22716  
".\Objects\TP_RTOS3.axf" - 0 Error(s), 1 Warning(s).

<h2>Software Packages used:</h2>

Package Vendor: ARM
                https://www.keil.com/pack/ARM.CMSIS.6.3.0.pack
                ARM::CMSIS@6.3.0
                CMSIS (Common Microcontroller Software Interface Standard)
   * Component: CORE Version: 6.2.0
   * Component: SysTick Version: 1.0.5
   * Component: SPI Version: 2.3.0
   * Component: OS Tick Version: 1.0.1
   * Component: RTOS2 Version: 2.3.0

Package Vendor: ARM
                https://www.keil.com/pack/ARM.CMSIS-RTX.5.9.0.pack
                ARM::CMSIS-RTX@5.9.0
                RTX RTOS implementation of CMSIS-RTOS2 API
   * Component: Keil RTX5 Variant: Source Version: 5.9.0

Package Vendor: Keil
                https://www.keil.com/pack/Keil.LPC1700_DFP.3.0.0.pack
                Keil::LPC1700_DFP@3.0.0
                NXP LPC1700 Series Device Support, Drivers and Examples for MCB1700 and LPC1788-32
   * Component: A/D Converter Version: 1.0.0
   * Component: Buttons Version: 1.0.0
   * Component: Graphic LCD Version: 1.0.0
   * Component: Joystick Version: 1.0.0
   * Component: LED Version: 1.0.0
   * Component: SSP Version: 2.10.0
   * Component: GPDMA Version: 1.4.0
   * Component: GPIO Version: 1.1.0
   * Component: PIN Version: 1.0.0
   * Component: Startup Version: 1.0.0

Package Vendor: Keil
                https://www.keil.com/pack/Keil.MDK-Middleware.7.17.0.pack
                Keil::MDK-Middleware@7.17.0
                Middleware for Keil MDK-Professional and MDK-Plus
   * Component: A/D Converter Version: 1.0.0
   * Component: Buttons Version: 1.0.0
   * Component: Graphic LCD Version: 1.0.0
   * Component: Joystick Version: 1.0.0
   * Component: LED Version: 1.0.0

<h2>Collection of Component include folders:</h2>
  ./RTE/CMSIS
  ./RTE/Device/LPC1768
  ./RTE/_Target_1
  C:/Keil_v5/ARM/PACK/ARM/CMSIS-RTX/5.9.0/Include
  C:/Keil_v5/ARM/PACK/ARM/CMSIS/6.3.0/CMSIS/Core/Include
  C:/Keil_v5/ARM/PACK/ARM/CMSIS/6.3.0/CMSIS/Driver/Include
  C:/Keil_v5/ARM/PACK/ARM/CMSIS/6.3.0/CMSIS/RTOS2/Include
  C:/Keil_v5/ARM/PACK/Keil/LPC1700_DFP/3.0.0/Boards/Keil/MCB1700/Common
  C:/Keil_v5/ARM/PACK/Keil/LPC1700_DFP/3.0.0/Device/Include
  C:/Keil_v5/ARM/PACK/Keil/LPC1700_DFP/3.0.0/RTE_Driver
  C:/Keil_v5/ARM/PACK/Keil/MDK-Middleware/7.17.0/Board

<h2>Collection of Component Files used:</h2>

   * Component: ARM::CMSIS:CORE@6.2.0

   * Component: ARM::CMSIS:OS Tick:SysTick@1.0.5
      Source file:   CMSIS/RTOS2/Source/os_systick.c

   * Component: ARM::CMSIS:RTOS2:Keil RTX5&Source@5.9.0
      Source file:   Source/rtx_thread.c
      Source file:   Source/rtx_delay.c
      Source file:   Source/rtx_timer.c
      Source file:   Template/MsgQueue.c
      Source file:   Template/Events.c
      Source file:   Template/Thread.c
      Source file:   Template/Mutex.c
      Source file:   Template/Timer.c
      Source file:   Template/svc_user.c
      Source file:   Source/rtx_kernel.c
      Source file:   Source/rtx_evflags.c
      Source file:   Source/rtx_mutex.c
      Source file:   Template/Semaphore.c
      Source file:   Source/rtx_semaphore.c
      Source file:   Source/rtx_memory.c
      Include file:  Config/RTX_Config.h
      Include file:  Include/rtx_os.h
      Source file:   Config/RTX_Config.c
      Source file:   Template/main.c
      Source file:   Template/MemPool.c
      Source file:   Source/rtx_system.c
      Source file:   Source/rtx_msgqueue.c
      Source file:   Source/GCC/irq_armv7m.S
      Source file:   Source/rtx_lib.c
      Source file:   Source/rtx_mempool.c
      Source file:   Source/rtx_evr.c

   * Component: Board Support:A/D Converter(API)@1.0.0
      Include file:  Board/Board_ADC.h

   * Component: Board Support:Buttons(API)@1.0.0
      Include file:  Board/Board_Buttons.h

   * Component: Board Support:Graphic LCD(API)@1.0.0
      Include file:  Board/Board_GLCD.h

   * Component: Board Support:Joystick(API)@1.0.0
      Include file:  Board/Board_Joystick.h

   * Component: Board Support:LED(API)@1.0.0
      Include file:  Board/Board_LED.h

   * Component: CMSIS Driver:SPI(API)@2.3.0
      Include file:  CMSIS/Driver/Include/Driver_SPI.h

   * Component: CMSIS:OS Tick(API)@1.0.1
      Include file:  CMSIS/RTOS2/Include/os_tick.h

   * Component: CMSIS:RTOS2(API)@2.3.0
      Include file:  CMSIS/RTOS2/Include/cmsis_os2.h

   * Component: Keil::Board Support&MCB1700:A/D Converter@1.0.0
      Source file:   Boards/Keil/MCB1700/Common/ADC_MCB1700.c

   * Component: Keil::Board Support&MCB1700:Buttons@1.0.0
      Source file:   Boards/Keil/MCB1700/Common/Buttons_MCB1700.c

   * Component: Keil::Board Support&MCB1700:Graphic LCD@1.0.0
      Include file:  Boards/Keil/MCB1700/Common/GLCD_Config.h
      Source file:   Boards/Keil/MCB1700/Common/GLCD_Fonts.c
      Source file:   Boards/Keil/MCB1700/Common/GLCD_MCB1700.c
      Include file:  Boards/Keil/MCB1700/Common/GLCD_Fonts.h

   * Component: Keil::Board Support&MCB1700:Joystick@1.0.0
      Source file:   Boards/Keil/MCB1700/Common/Joystick_MCB1700.c

   * Component: Keil::Board Support&MCB1700:LED@1.0.0
      Source file:   Boards/Keil/MCB1700/Common/LED_MCB1700.c

   * Component: Keil::CMSIS Driver:SPI:SSP@2.10.0
      Source file:   RTE_Driver/SSP_LPC17xx.c

   * Component: Keil::Device:GPDMA@1.4.0
      Include file:  RTE_Driver/GPDMA_LPC17xx.h
      Source file:   RTE_Driver/GPDMA_LPC17xx.c

   * Component: Keil::Device:GPIO@1.1.0
      Source file:   RTE_Driver/GPIO_LPC17xx.c
      Include file:  RTE_Driver/GPIO_LPC17xx.h

   * Component: Keil::Device:PIN@1.0.0
      Include file:  RTE_Driver/PIN_LPC17xx.h
      Source file:   RTE_Driver/PIN_LPC17xx.c

   * Component: Keil::Device:Startup@1.0.0
      Include file:  Device/Include/LPC17xx.h
      Source file:   Device/Source/ARM/startup_LPC17xx.s
      Source file:   Device/Source/system_LPC17xx.c
      Include file:  RTE_Driver/Config/RTE_Device.h
Build Time Elapsed:  00:00:02
</pre>
</body>
</html>
