Component: Arm Compiler for Embedded 6.24 Tool: armlink [5f371500]

==============================================================================

Section Cross References

    main.o(.ARM.exidx.text.map) refers to main.o(.text.map) for [Anonymous Symbol]
    main.o(.ARM.exidx.text.Init_Motor) refers to main.o(.text.Init_Motor) for [Anonymous Symbol]
    main.o(.text.Init_Servo_Timer) refers to main.o(.text.__NVIC_SetPriority) for __NVIC_SetPriority
    main.o(.text.Init_Servo_Timer) refers to main.o(.text.__NVIC_EnableIRQ) for __NVIC_EnableIRQ
    main.o(.ARM.exidx.text.Init_Servo_Timer) refers to main.o(.text.Init_Servo_Timer) for [Anonymous Symbol]
    main.o(.ARM.exidx.text.__NVIC_SetPriority) refers to main.o(.text.__NVIC_SetPriority) for [Anonymous Symbol]
    main.o(.ARM.exidx.text.__NVIC_EnableIRQ) refers to main.o(.text.__NVIC_EnableIRQ) for [Anonymous Symbol]
    main.o(.ARM.exidx.text.TIMER0_IRQHandler) refers to main.o(.text.TIMER0_IRQHandler) for [Anonymous Symbol]
    main.o(.ARM.exidx.text.Action) refers to main.o(.text.Action) for [Anonymous Symbol]
    main.o(.text.thread_bluetooth) refers to uart_lpc17xx.o(.rodata.Driver_USART1) for Driver_USART1
    main.o(.text.thread_bluetooth) refers to rtx_delay.o(.text.osDelay) for osDelay
    main.o(.text.thread_bluetooth) refers to main.o(.bss.q_id) for q_id
    main.o(.text.thread_bluetooth) refers to rtx_msgqueue.o(.text.osMessageQueuePut) for osMessageQueuePut
    main.o(.ARM.exidx.text.thread_bluetooth) refers to main.o(.text.thread_bluetooth) for [Anonymous Symbol]
    main.o(.text.thread_motor) refers to fflt_clz.o(x$fpl$fflt) for __aeabi_i2f
    main.o(.text.thread_motor) refers to fdiv.o(x$fpl$fdiv) for __aeabi_fdiv
    main.o(.text.thread_motor) refers to f2d.o(x$fpl$f2d) for __aeabi_f2d
    main.o(.text.thread_motor) refers to dmul.o(x$fpl$dmul) for __aeabi_dmul
    main.o(.text.thread_motor) refers to d2f.o(x$fpl$d2f) for __aeabi_d2f
    main.o(.text.thread_motor) refers to main.o(.text.Action) for Action
    main.o(.text.thread_motor) refers to main.o(.bss.vitesse) for vitesse
    main.o(.text.thread_motor) refers to main.o(.bss.q_id) for q_id
    main.o(.text.thread_motor) refers to rtx_msgqueue.o(.text.osMessageQueueGet) for osMessageQueueGet
    main.o(.text.thread_motor) refers to main.o(.text.map) for map
    main.o(.text.thread_motor) refers to ffix.o(x$fpl$ffix) for __aeabi_f2iz
    main.o(.text.thread_motor) refers to main.o(.bss.donnees_moteur) for donnees_moteur
    main.o(.text.thread_motor) refers to main.o(.bss.ID_CANthreadT) for ID_CANthreadT
    main.o(.text.thread_motor) refers to rtx_thread.o(.text.osThreadFlagsSet) for osThreadFlagsSet
    main.o(.ARM.exidx.text.thread_motor) refers to main.o(.text.thread_motor) for [Anonymous Symbol]
    main.o(.text.InitCan1) refers to can_lpc17xx.o(.rodata.Driver_CAN1) for Driver_CAN1
    main.o(.ARM.exidx.text.InitCan1) refers to main.o(.text.InitCan1) for [Anonymous Symbol]
    main.o(.text.CANthreadT) refers to main.o(.text.InitCan1) for InitCan1
    main.o(.text.CANthreadT) refers to rtx_thread.o(.text.osThreadFlagsWait) for osThreadFlagsWait
    main.o(.text.CANthreadT) refers to main.o(.bss.donnees_moteur) for donnees_moteur
    main.o(.text.CANthreadT) refers to can_lpc17xx.o(.rodata.Driver_CAN1) for Driver_CAN1
    main.o(.text.CANthreadT) refers to rtx_delay.o(.text.osDelay) for osDelay
    main.o(.ARM.exidx.text.CANthreadT) refers to main.o(.text.CANthreadT) for [Anonymous Symbol]
    main.o(.text.myUART_Callback) refers to main.o(.bss.ID_tache_traitement) for ID_tache_traitement
    main.o(.text.myUART_Callback) refers to rtx_thread.o(.text.osThreadFlagsSet) for osThreadFlagsSet
    main.o(.ARM.exidx.text.myUART_Callback) refers to main.o(.text.myUART_Callback) for [Anonymous Symbol]
    main.o(.text.tache_traitement) refers to rtx_thread.o(.text.osThreadFlagsWait) for osThreadFlagsWait
    main.o(.text.tache_traitement) refers to main.o(.bss.lidar_buffer1) for lidar_buffer1
    main.o(.text.tache_traitement) refers to fflt_clz.o(x$fpl$ffltu) for __aeabi_ui2f
    main.o(.text.tache_traitement) refers to fdiv.o(x$fpl$fdiv) for __aeabi_fdiv
    main.o(.text.tache_traitement) refers to main.o(.bss.distance) for distance
    main.o(.text.tache_traitement) refers to fflt_clz.o(x$fpl$fflt) for __aeabi_i2f
    main.o(.text.tache_traitement) refers to fmul.o(x$fpl$fmul) for __aeabi_fmul
    main.o(.text.tache_traitement) refers to main.o(.bss.angle) for angle
    main.o(.text.tache_traitement) refers to ffix.o(x$fpl$ffix) for __aeabi_f2iz
    main.o(.text.tache_traitement) refers to main.o(.bss.qualite) for qualite
    main.o(.text.tache_traitement) refers to uart_lpc17xx.o(.rodata.Driver_USART1) for Driver_USART1
    main.o(.text.tache_traitement) refers to main.o(.bss.ID_BAL_LCD) for ID_BAL_LCD
    main.o(.text.tache_traitement) refers to rtx_msgqueue.o(.text.osMessageQueuePut) for osMessageQueuePut
[...]
    0x000001fe   0x000001fe   0x00000000   Code   RO         2267    .ARM.Collect$$libinit$$00000010  c_w.l(libinit2.o)
    0x000001fe   0x000001fe   0x00000006   Code   RO         2268    .ARM.Collect$$libinit$$00000011  c_w.l(libinit2.o)
    0x00000204   0x00000204   0x00000000   Code   RO         2270    .ARM.Collect$$libinit$$00000013  c_w.l(libinit2.o)
    0x00000204   0x00000204   0x0000000c   Code   RO         2271    .ARM.Collect$$libinit$$00000014  c_w.l(libinit2.o)
    0x00000210   0x00000210   0x00000000   Code   RO         2272    .ARM.Collect$$libinit$$00000015  c_w.l(libinit2.o)
    0x00000210   0x00000210   0x00000000   Code   RO         2274    .ARM.Collect$$libinit$$00000017  c_w.l(libinit2.o)
    0x00000210   0x00000210   0x0000000a   Code   RO         2275    .ARM.Collect$$libinit$$00000018  c_w.l(libinit2.o)
    0x0000021a   0x0000021a   0x00000000   Code   RO         2276    .ARM.Collect$$libinit$$00000019  c_w.l(libinit2.o)
    0x0000021a   0x0000021a   0x00000000   Code   RO         2278    .ARM.Collect$$libinit$$0000001B  c_w.l(libinit2.o)
    0x0000021a   0x0000021a   0x00000000   Code   RO         2280    .ARM.Collect$$libinit$$0000001D  c_w.l(libinit2.o)
    0x0000021a   0x0000021a   0x00000000   Code   RO         2282    .ARM.Collect$$libinit$$0000001F  c_w.l(libinit2.o)
    0x0000021a   0x0000021a   0x00000000   Code   RO         2284    .ARM.Collect$$libinit$$00000021  c_w.l(libinit2.o)
    0x0000021a   0x0000021a   0x00000000   Code   RO         2286    .ARM.Collect$$libinit$$00000023  c_w.l(libinit2.o)
    0x0000021a   0x0000021a   0x00000000   Code   RO         2288    .ARM.Collect$$libinit$$00000025  c_w.l(libinit2.o)
    0x0000021a   0x0000021a   0x00000000   Code   RO         2290    .ARM.Collect$$libinit$$00000027  c_w.l(libinit2.o)
    0x0000021a   0x0000021a   0x00000000   Code   RO         2294    .ARM.Collect$$libinit$$0000002E  c_w.l(libinit2.o)
    0x0000021a   0x0000021a   0x00000000   Code   RO         2296    .ARM.Collect$$libinit$$00000030  c_w.l(libinit2.o)
    0x0000021a   0x0000021a   0x00000000   Code   RO         2298    .ARM.Collect$$libinit$$00000032  c_w.l(libinit2.o)
    0x0000021a   0x0000021a   0x00000000   Code   RO         2300    .ARM.Collect$$libinit$$00000034  c_w.l(libinit2.o)
    0x0000021a   0x0000021a   0x00000002   Code   RO         2301    .ARM.Collect$$libinit$$00000035  c_w.l(libinit2.o)
    0x0000021c   0x0000021c   0x00000002   Code   RO         2342    .ARM.Collect$$libshutdown$$00000000  c_w.l(libshutdown.o)
    0x0000021e   0x0000021e   0x00000000   Code   RO         2370    .ARM.Collect$$libshutdown$$00000002  c_w.l(libshutdown2.o)
    0x0000021e   0x0000021e   0x00000000   Code   RO         2372    .ARM.Collect$$libshutdown$$00000004  c_w.l(libshutdown2.o)
    0x0000021e   0x0000021e   0x00000000   Code   RO         2375    .ARM.Collect$$libshutdown$$00000007  c_w.l(libshutdown2.o)
    0x0000021e   0x0000021e   0x00000000   Code   RO         2378    .ARM.Collect$$libshutdown$$0000000A  c_w.l(libshutdown2.o)
    0x0000021e   0x0000021e   0x00000000   Code   RO         2380    .ARM.Collect$$libshutdown$$0000000C  c_w.l(libshutdown2.o)
    0x0000021e   0x0000021e   0x00000000   Code   RO         2383    .ARM.Collect$$libshutdown$$0000000F  c_w.l(libshutdown2.o)
    0x0000021e   0x0000021e   0x00000002   Code   RO         2384    .ARM.Collect$$libshutdown$$00000010  c_w.l(libshutdown2.o)
    0x00000220   0x00000220   0x00000000   Code   RO         1986    .ARM.Collect$$rtentry$$00000000  c_w.l(__rtentry.o)
    0x00000220   0x00000220   0x00000000   Code   RO         2131    .ARM.Collect$$rtentry$$00000002  c_w.l(__rtentry2.o)
    0x00000220   0x00000220   0x00000006   Code   RO         2143    .ARM.Collect$$rtentry$$00000004  c_w.l(__rtentry4.o)
    0x00000226   0x00000226   0x00000008   Code   RO         2132    .ARM.Collect$$rtentry$$00000008  c_w.l(__rtentry2.o)
    0x0000022e   0x0000022e   0x00000004   Code   RO         2134    .ARM.Collect$$rtentry$$0000000A  c_w.l(__rtentry2.o)
    0x00000232   0x00000232   0x00000000   Code   RO         2136    .ARM.Collect$$rtentry$$0000000C  c_w.l(__rtentry2.o)
    0x00000232   0x00000232   0x00000008   Code   RO         2137    .ARM.Collect$$rtentry$$0000000D  c_w.l(__rtentry2.o)
    0x0000023a   0x0000023a   0x00000002   Code   RO         2240    .ARM.Collect$$rtexit$$00000000  c_w.l(rtexit.o)
    0x0000023c   0x0000023c   0x00000000   Code   RO         2309    .ARM.Collect$$rtexit$$00000002  c_w.l(rtexit2.o)
    0x0000023c   0x0000023c   0x00000004   Code   RO         2310    .ARM.Collect$$rtexit$$00000003  c_w.l(rtexit2.o)
    0x00000240   0x00000240   0x00000006   Code   RO         2311    .ARM.Collect$$rtexit$$00000004  c_w.l(rtexit2.o)
    0x00000246   0x00000246   0x00000002   PAD
    0x00000248   0x00000248   0x0000003c   Code   RO         1912    .text               startup_lpc17xx.o
    0x00000284   0x00000284   0x0000002c   Code   RO         1936    .text               c_w.l(sprintf.o)
    0x000002b0   0x000002b0   0x00000044   Code   RO         1940    .text               c_w.l(rt_memclr.o)
    0x000002f4   0x000002f4   0x00000006   Code   RO         1944    .text               c_w.l(heapauxi.o)
    0x000002fa   0x000002fa   0x00000002   Code   RO         2331    .text               c_w.l(use_no_semi.o)
    0x000002fc   0x000002fc   0x00000004   Code   RO         1911    .ARM.__at_0x02FC    startup_lpc17xx.o
    0x00000300   0x00000300   0x000000c0   Code   RO          184    .text               irq_armv7m.o
    0x000003c0   0x000003c0   0x000000f0   Code   RO         1934    .text               c_w.l(lludivv7m.o)
    0x000004b0   0x000004b0   0x0000008a   Code   RO         1938    .text               c_w.l(rt_memcpy_v6.o)
    0x0000053a   0x0000053a   0x0000004e   Code   RO         1942    .text               c_w.l(rt_memclr_w.o)
    0x00000588   0x00000588   0x00000016   Code   RO         1991    .text               c_w.l(_rserrno.o)
    0x0000059e   0x0000059e   0x0000004e   Code   RO         1995    .text               c_w.l(_printf_pad.o)
    0x000005ec   0x000005ec   0x00000024   Code   RO         1997    .text               c_w.l(_printf_truncate.o)
    0x00000610   0x00000610   0x00000052   Code   RO         1999    .text               c_w.l(_printf_str.o)
    0x00000662   0x00000662   0x00000002   PAD
    0x00000664   0x00000664   0x00000078   Code   RO         2001    .text               c_w.l(_printf_dec.o)
    0x000006dc   0x000006dc   0x00000028   Code   RO         2003    .text               c_w.l(_printf_charcount.o)
    0x00000704   0x00000704   0x00000030   Code   RO         2005    .text               c_w.l(_printf_char_common.o)
    0x00000734   0x00000734   0x0000000a   Code   RO         2007    .text               c_w.l(_sputc.o)
    0x0000073e   0x0000073e   0x00000002   PAD
    0x00000740   0x00000740   0x000000bc   Code   RO         2009    .text               c_w.l(_printf_wctomb.o)
    0x000007fc   0x000007fc   0x0000007c   Code   RO         2012    .text               c_w.l(_printf_longlong_dec.o)
    0x00000878   0x00000878   0x00000070   Code   RO         2018    .text               c_w.l(_printf_oct_int_ll.o)
    0x000008e8   0x000008e8   0x00000094   Code   RO         2038    .text               c_w.l(_printf_hex_int_ll_ptr.o)
    0x0000097c   0x0000097c   0x00000188   Code   RO         2058    .text               c_w.l(__printf_flags_ss_wp.o)
    0x00000b04   0x00000b04   0x00000064   Code   RO         2084    .text               c_w.l(rt_memcpy_w.o)
    0x00000b68   0x00000b68   0x00000004   Code   RO         2152    .text               c_w.l(rt_errno_addr_twolibspace.o)
    0x00000b6c   0x00000b6c   0x0000008a   Code   RO         2154    .text               c_w.l(lludiv10.o)
    0x00000bf6   0x00000bf6   0x000000b2   Code   RO         2156    .text               c_w.l(_printf_intcommon.o)
    0x00000ca8   0x00000ca8   0x0000041c   Code   RO         2158    .text               c_w.l(_printf_fp_dec.o)
    0x000010c4   0x000010c4   0x000002fc   Code   RO         2162    .text               c_w.l(_printf_fp_hex.o)
    0x000013c0   0x000013c0   0x0000002c   Code   RO         2167    .text               c_w.l(_printf_char.o)
    0x000013ec   0x000013ec   0x0000002c   Code   RO         2169    .text               c_w.l(_printf_wchar.o)
    0x00001418   0x00001418   0x00000048   Code   RO         2172    .text               c_w.l(_c16rtomb.o)
    0x00001460   0x00001460   0x00000008   Code   RO         2178    .text               c_w.l(libspace.o)
    0x00001468   0x00001468   0x0000004a   Code   RO         2181    .text               c_w.l(sys_stackheap_outer.o)
    0x000014b2   0x000014b2   0x00000002   PAD
    0x000014b4   0x000014b4   0x00000010   Code   RO         2183    .text               c_w.l(rt_ctype_table.o)
    0x000014c4   0x000014c4   0x0000000a   Code   RO         2190    .text               c_w.l(rt_locale_twolibspace.o)
    0x000014ce   0x000014ce   0x00000002   PAD
    0x000014d0   0x000014d0   0x00000080   Code   RO         2192    .text               c_w.l(_printf_fp_infnan.o)
    0x00001550   0x00001550   0x000000e4   Code   RO         2194    .text               c_w.l(bigflt0.o)
    0x00001634   0x00001634   0x00000012   Code   RO         2224    .text               c_w.l(exit.o)
    0x00001646   0x00001646   0x00000002   PAD
    0x00001648   0x00001648   0x00000080   Code   RO         2253    .text               c_w.l(strcmpv7m.o)
    0x000016c8   0x000016c8   0x0000000c   Code   RO         2304    .text               c_w.l(sys_exit.o)
    0x000016d4   0x000016d4   0x00000000   Code   RO         2333    .text               c_w.l(indicate_semi.o)
    0x000016d4   0x000016d4   0x00000036   Code   RO           92    .text.ADC_IRQHandler  adc_mcb1700.o
    0x0000170a   0x0000170a   0x00000002   PAD
    0x0000170c   0x0000170c   0x00000052   Code   RO           76    .text.ADC_Initialize  adc_mcb1700.o
    0x0000175e   0x0000175e   0x00000002   PAD
    0x00001760   0x00001760   0x00000098   Code   RO           14    .text.Action        main.o
    0x000017f8   0x000017f8   0x00000016   Code   RO         1486    .text.CAN1_Control  can_lpc17xx.o
    0x0000180e   0x0000180e   0x00000002   PAD
    0x00001810   0x00001810   0x0000000a   Code   RO         1470    .text.CAN1_GetClock  can_lpc17xx.o
    0x0000181a   0x0000181a   0x00000002   PAD
    0x0000181c   0x0000181c   0x00000012   Code   RO         1488    .text.CAN1_GetStatus  can_lpc17xx.o
    0x0000182e   0x0000182e   0x00000002   PAD
    0x00001830   0x00001830   0x00000016   Code   RO         1464    .text.CAN1_Initialize  can_lpc17xx.o
    0x00001846   0x00001846   0x00000002   PAD
    0x00001848   0x00001848   0x0000002a   Code   RO         1484    .text.CAN1_MessageRead  can_lpc17xx.o
    0x00001872   0x00001872   0x00000002   PAD
    0x00001874   0x00001874   0x0000002a   Code   RO         1482    .text.CAN1_MessageSend  can_lpc17xx.o
    0x0000189e   0x0000189e   0x00000002   PAD
    0x000018a0   0x000018a0   0x0000001a   Code   RO         1480    .text.CAN1_ObjectConfigure  can_lpc17xx.o
    0x000018ba   0x000018ba   0x00000002   PAD
    0x000018bc   0x000018bc   0x00000016   Code   RO         1476    .text.CAN1_ObjectGetCapabilities  can_lpc17xx.o
    0x000018d2   0x000018d2   0x00000002   PAD
    0x000018d4   0x000018d4   0x0000002a   Code   RO         1478    .text.CAN1_ObjectSetFilter  can_lpc17xx.o
    0x000018fe   0x000018fe   0x00000002   PAD
    0x00001900   0x00001900   0x00000016   Code   RO         1468    .text.CAN1_PowerControl  can_lpc17xx.o
    0x00001916   0x00001916   0x00000002   PAD
    0x00001918   0x00001918   0x0000001e   Code   RO         1472    .text.CAN1_SetBitrate  can_lpc17xx.o
    0x00001936   0x00001936   0x00000002   PAD
    0x00001938   0x00001938   0x00000016   Code   RO         1474    .text.CAN1_SetMode  can_lpc17xx.o
    0x0000194e   0x0000194e   0x00000002   PAD
    0x00001950   0x00001950   0x0000000a   Code   RO         1466    .text.CAN1_Uninitialize  can_lpc17xx.o
    0x0000195a   0x0000195a   0x00000002   PAD
    0x0000195c   0x0000195c   0x0000000e   Code   RO         1462    .text.CAN_GetCapabilities  can_lpc17xx.o
    0x0000196a   0x0000196a   0x00000002   PAD
    0x0000196c   0x0000196c   0x00000012   Code   RO         1460    .text.CAN_GetVersion  can_lpc17xx.o
    0x0000197e   0x0000197e   0x00000002   PAD
    0x00001980   0x00001980   0x0000036a   Code   RO         1458    .text.CAN_IRQHandler  can_lpc17xx.o
    0x00001cea   0x00001cea   0x00000002   PAD
    0x00001cec   0x00001cec   0x00000068   Code   RO           22    .text.CANthreadT    main.o
    0x00001d54   0x00001d54   0x00000694   Code   RO         1514    .text.CANx_AddFilter  can_lpc17xx.o
    0x000023e8   0x000023e8   0x000000ca   Code   RO         1524    .text.CANx_Control  can_lpc17xx.o
    0x000024b2   0x000024b2   0x00000002   PAD
    0x000024b4   0x000024b4   0x00000120   Code   RO         1504    .text.CANx_GetClock  can_lpc17xx.o
    0x000025d4   0x000025d4   0x00000090   Code   RO         1526    .text.CANx_GetStatus  can_lpc17xx.o
    0x00002664   0x00002664   0x000000a6   Code   RO         1490    .text.CANx_Initialize  can_lpc17xx.o
    0x0000270a   0x0000270a   0x00000002   PAD
    0x0000270c   0x0000270c   0x00000126   Code   RO         1522    .text.CANx_MessageRead  can_lpc17xx.o
    0x00002832   0x00002832   0x00000002   PAD
    0x00002834   0x00002834   0x000002a2   Code   RO         1520    .text.CANx_MessageSend  can_lpc17xx.o
    0x00002ad6   0x00002ad6   0x00000002   PAD
    0x00002ad8   0x00002ad8   0x000000ea   Code   RO         1518    .text.CANx_ObjectConfigure  can_lpc17xx.o
    0x00002bc2   0x00002bc2   0x00000002   PAD
    0x00002bc4   0x00002bc4   0x0000003e   Code   RO         1510    .text.CANx_ObjectGetCapabilities  can_lpc17xx.o
    0x00002c02   0x00002c02   0x00000002   PAD
    0x00002c04   0x00002c04   0x000000e0   Code   RO         1512    .text.CANx_ObjectSetFilter  can_lpc17xx.o
    0x00002ce4   0x00002ce4   0x00000172   Code   RO         1494    .text.CANx_PowerControl  can_lpc17xx.o
    0x00002e56   0x00002e56   0x00000002   PAD
    0x00002e58   0x00002e58   0x0000067a   Code   RO         1516    .text.CANx_RemoveFilter  can_lpc17xx.o
    0x000034d2   0x000034d2   0x00000002   PAD
    0x000034d4   0x000034d4   0x0000009a   Code   RO         1498    .text.CANx_ResetRuntimeInfo  can_lpc17xx.o
    0x0000356e   0x0000356e   0x00000002   PAD
    0x00003570   0x00003570   0x000001c8   Code   RO         1506    .text.CANx_SetBitrate  can_lpc17xx.o
    0x00003738   0x00003738   0x00000244   Code   RO         1508    .text.CANx_SetMode  can_lpc17xx.o
    0x0000397c   0x0000397c   0x00000060   Code   RO         1492    .text.CANx_Uninitialize  can_lpc17xx.o
    0x000039dc   0x000039dc   0x0000002e   Code   RO         1855    .text.Clear_Channel_active_flag  gpdma_lpc17xx.o
    0x00003a0a   0x00003a0a   0x00000002   PAD
    0x00003a0c   0x00003a0c   0x00000220   Code   RO         1865    .text.DMA_IRQHandler  gpdma_lpc17xx.o
    0x00003c2c   0x00003c2c   0x00000008   Code   RO          448    .text.EvrRtxDelay   rtx_evr.o
    0x00003c34   0x00003c34   0x00000008   Code   RO          456    .text.EvrRtxDelayCompleted  rtx_evr.o
    0x00003c3c   0x00003c3c   0x00000008   Code   RO          446    .text.EvrRtxDelayError  rtx_evr.o
    0x00003c44   0x00003c44   0x00000008   Code   RO          452    .text.EvrRtxDelayStarted  rtx_evr.o
    0x00003c4c   0x00003c4c   0x00000008   Code   RO          504    .text.EvrRtxEventFlagsWaitTimeout  rtx_evr.o
    0x00003c54   0x00003c54   0x00000008   Code   RO          292    .text.EvrRtxKernelError  rtx_evr.o
    0x00003c5c   0x00003c5c   0x0000000a   Code   RO          340    .text.EvrRtxKernelErrorNotify  rtx_evr.o
    0x00003c66   0x00003c66   0x00000002   PAD
    0x00003c68   0x00003c68   0x00000008   Code   RO          302    .text.EvrRtxKernelGetState  rtx_evr.o
    0x00003c70   0x00003c70   0x00000002   Code   RO          294    .text.EvrRtxKernelInitialize  rtx_evr.o
    0x00003c72   0x00003c72   0x00000002   PAD
    0x00003c74   0x00003c74   0x00000002   Code   RO          296    .text.EvrRtxKernelInitialized  rtx_evr.o
    0x00003c76   0x00003c76   0x00000002   PAD
    0x00003c78   0x00003c78   0x00000002   Code   RO          304    .text.EvrRtxKernelStart  rtx_evr.o
    0x00003c7a   0x00003c7a   0x00000002   PAD
    0x00003c7c   0x00003c7c   0x00000002   Code   RO          306    .text.EvrRtxKernelStarted  rtx_evr.o
    0x00003c7e   0x00003c7e   0x00000002   PAD
    0x00003c80   0x00003c80   0x0000000e   Code   RO          282    .text.EvrRtxMemoryAlloc  rtx_evr.o
    0x00003c8e   0x00003c8e   0x00000002   PAD
    0x00003c90   0x00003c90   0x0000000a   Code   RO          288    .text.EvrRtxMemoryBlockAlloc  rtx_evr.o
    0x00003c9a   0x00003c9a   0x00000002   PAD
    0x00003c9c   0x00003c9c   0x0000000c   Code   RO          290    .text.EvrRtxMemoryBlockFree  rtx_evr.o
    0x00003ca8   0x00003ca8   0x0000000e   Code   RO          286    .text.EvrRtxMemoryBlockInit  rtx_evr.o
    0x00003cb6   0x00003cb6   0x00000002   PAD
    0x00003cb8   0x00003cb8   0x0000000c   Code   RO          284    .text.EvrRtxMemoryFree  rtx_evr.o
    0x00003cc4   0x00003cc4   0x0000000c   Code   RO          280    .text.EvrRtxMemoryInit  rtx_evr.o
    0x00003cd0   0x00003cd0   0x00000008   Code   RO          582    .text.EvrRtxMemoryPoolAllocTimeout  rtx_evr.o
    0x00003cd8   0x00003cd8   0x0000000a   Code   RO          610    .text.EvrRtxMessageQueueCreated  rtx_evr.o
    0x00003ce2   0x00003ce2   0x00000002   PAD
    0x00003ce4   0x00003ce4   0x0000000a   Code   RO          606    .text.EvrRtxMessageQueueError  rtx_evr.o
    0x00003cee   0x00003cee   0x00000002   PAD
    0x00003cf0   0x00003cf0   0x0000000e   Code   RO          626    .text.EvrRtxMessageQueueGet  rtx_evr.o
    0x00003cfe   0x00003cfe   0x00000002   PAD
    0x00003d00   0x00003d00   0x0000000c   Code   RO          628    .text.EvrRtxMessageQueueGetPending  rtx_evr.o
    0x00003d0c   0x00003d0c   0x00000008   Code   RO          630    .text.EvrRtxMessageQueueGetTimeout  rtx_evr.o
    0x00003d14   0x00003d14   0x0000000a   Code   RO          620    .text.EvrRtxMessageQueueInsertPending  rtx_evr.o
    0x00003d1e   0x00003d1e   0x00000002   PAD
    0x00003d20   0x00003d20   0x0000000a   Code   RO          622    .text.EvrRtxMessageQueueInserted  rtx_evr.o
    0x00003d2a   0x00003d2a   0x00000002   PAD
    0x00003d2c   0x00003d2c   0x0000000c   Code   RO          608    .text.EvrRtxMessageQueueNew  rtx_evr.o
    0x00003d38   0x00003d38   0x0000000a   Code   RO          624    .text.EvrRtxMessageQueueNotInserted  rtx_evr.o
    0x00003d42   0x00003d42   0x00000002   PAD
    0x00003d44   0x00003d44   0x0000000a   Code   RO          634    .text.EvrRtxMessageQueueNotRetrieved  rtx_evr.o
    0x00003d4e   0x00003d4e   0x00000002   PAD
    0x00003d50   0x00003d50   0x00000010   Code   RO          614    .text.EvrRtxMessageQueuePut  rtx_evr.o
    0x00003d60   0x00003d60   0x0000000c   Code   RO          616    .text.EvrRtxMessageQueuePutPending  rtx_evr.o
    0x00003d6c   0x00003d6c   0x00000008   Code   RO          618    .text.EvrRtxMessageQueuePutTimeout  rtx_evr.o
    0x00003d74   0x00003d74   0x0000000a   Code   RO          632    .text.EvrRtxMessageQueueRetrieved  rtx_evr.o
    0x00003d7e   0x00003d7e   0x00000002   PAD
    0x00003d80   0x00003d80   0x0000000a   Code   RO          522    .text.EvrRtxMutexAcquire  rtx_evr.o
    0x00003d8a   0x00003d8a   0x00000002   PAD
    0x00003d8c   0x00003d8c   0x0000000a   Code   RO          524    .text.EvrRtxMutexAcquirePending  rtx_evr.o
    0x00003d96   0x00003d96   0x00000002   PAD
    0x00003d98   0x00003d98   0x00000008   Code   RO          526    .text.EvrRtxMutexAcquireTimeout  rtx_evr.o
    0x00003da0   0x00003da0   0x0000000a   Code   RO          528    .text.EvrRtxMutexAcquired  rtx_evr.o
    0x00003daa   0x00003daa   0x00000002   PAD
    0x00003dac   0x00003dac   0x0000000a   Code   RO          518    .text.EvrRtxMutexCreated  rtx_evr.o
    0x00003db6   0x00003db6   0x00000002   PAD
    0x00003db8   0x00003db8   0x00000008   Code   RO          538    .text.EvrRtxMutexDelete  rtx_evr.o
    0x00003dc0   0x00003dc0   0x00000008   Code   RO          540    .text.EvrRtxMutexDestroyed  rtx_evr.o
    0x00003dc8   0x00003dc8   0x0000000a   Code   RO          514    .text.EvrRtxMutexError  rtx_evr.o
    0x00003dd2   0x00003dd2   0x00000002   PAD
    0x00003dd4   0x00003dd4   0x00000008   Code   RO          516    .text.EvrRtxMutexNew  rtx_evr.o
    0x00003ddc   0x00003ddc   0x00000008   Code   RO          530    .text.EvrRtxMutexNotAcquired  rtx_evr.o
    0x00003de4   0x00003de4   0x00000008   Code   RO          532    .text.EvrRtxMutexRelease  rtx_evr.o
    0x00003dec   0x00003dec   0x0000000a   Code   RO          534    .text.EvrRtxMutexReleased  rtx_evr.o
    0x00003df6   0x00003df6   0x00000002   PAD
    0x00003df8   0x00003df8   0x00000008   Code   RO          554    .text.EvrRtxSemaphoreAcquireTimeout  rtx_evr.o
    0x00003e00   0x00003e00   0x0000000a   Code   RO          390    .text.EvrRtxThreadBlocked  rtx_evr.o
    0x00003e0a   0x00003e0a   0x00000002   PAD
    0x00003e0c   0x00003e0c   0x0000000c   Code   RO          348    .text.EvrRtxThreadCreated  rtx_evr.o
    0x00003e18   0x00003e18   0x00000008   Code   RO          402    .text.EvrRtxThreadDestroyed  rtx_evr.o
    0x00003e20   0x00003e20   0x0000000a   Code   RO          344    .text.EvrRtxThreadError  rtx_evr.o
    0x00003e2a   0x00003e2a   0x00000002   PAD
    0x00003e2c   0x00003e2c   0x00000002   Code   RO          398    .text.EvrRtxThreadExit  rtx_evr.o
    0x00003e2e   0x00003e2e   0x00000002   PAD
    0x00003e30   0x00003e30   0x0000000a   Code   RO          424    .text.EvrRtxThreadFlagsError  rtx_evr.o
    0x00003e3a   0x00003e3a   0x00000002   PAD
    0x00003e3c   0x00003e3c   0x0000000a   Code   RO          426    .text.EvrRtxThreadFlagsSet  rtx_evr.o
    0x00003e46   0x00003e46   0x00000002   PAD
    0x00003e48   0x00003e48   0x0000000a   Code   RO          428    .text.EvrRtxThreadFlagsSetDone  rtx_evr.o
    0x00003e52   0x00003e52   0x00000002   PAD
    0x00003e54   0x00003e54   0x0000000c   Code   RO          436    .text.EvrRtxThreadFlagsWait  rtx_evr.o
    0x00003e60   0x00003e60   0x0000000e   Code   RO          442    .text.EvrRtxThreadFlagsWaitCompleted  rtx_evr.o
    0x00003e6e   0x00003e6e   0x00000002   PAD
    0x00003e70   0x00003e70   0x0000000a   Code   RO          444    .text.EvrRtxThreadFlagsWaitNotCompleted  rtx_evr.o
    0x00003e7a   0x00003e7a   0x00000002   PAD
    0x00003e7c   0x00003e7c   0x0000000c   Code   RO          438    .text.EvrRtxThreadFlagsWaitPending  rtx_evr.o
    0x00003e88   0x00003e88   0x00000008   Code   RO          440    .text.EvrRtxThreadFlagsWaitTimeout  rtx_evr.o
    0x00003e90   0x00003e90   0x00000008   Code   RO          356    .text.EvrRtxThreadGetId  rtx_evr.o
    0x00003e98   0x00003e98   0x00000008   Code   RO          388    .text.EvrRtxThreadJoined  rtx_evr.o
    0x00003ea0   0x00003ea0   0x0000000c   Code   RO          346    .text.EvrRtxThreadNew  rtx_evr.o
    0x00003eac   0x00003eac   0x00000008   Code   RO          394    .text.EvrRtxThreadPreempted  rtx_evr.o
    0x00003eb4   0x00003eb4   0x00000008   Code   RO          396    .text.EvrRtxThreadSwitched  rtx_evr.o
    0x00003ebc   0x00003ebc   0x0000000a   Code   RO          392    .text.EvrRtxThreadUnblocked  rtx_evr.o
    0x00003ec6   0x00003ec6   0x00000002   PAD
    0x00003ec8   0x00003ec8   0x0000000a   Code   RO          460    .text.EvrRtxTimerCallback  rtx_evr.o
    0x00003ed2   0x00003ed2   0x00000002   PAD
    0x00003ed4   0x00003ed4   0x00000050   Code   RO          129    .text.GLCD_ClearScreen  glcd_mcb1700.o
    0x00003f24   0x00003f24   0x00000128   Code   RO          153    .text.GLCD_DrawChar  glcd_mcb1700.o
    0x0000404c   0x0000404c   0x00000046   Code   RO          147    .text.GLCD_DrawHLine  glcd_mcb1700.o
    0x00004092   0x00004092   0x00000002   PAD
    0x00004094   0x00004094   0x000000a6   Code   RO          143    .text.GLCD_DrawPixel  glcd_mcb1700.o
    0x0000413a   0x0000413a   0x00000002   PAD
    0x0000413c   0x0000413c   0x0000003e   Code   RO          155    .text.GLCD_DrawString  glcd_mcb1700.o
    0x0000417a   0x0000417a   0x00000002   PAD
    0x0000417c   0x0000417c   0x00000046   Code   RO          149    .text.GLCD_DrawVLine  glcd_mcb1700.o
    0x000041c2   0x000041c2   0x00000002   PAD
    0x000041c4   0x000041c4   0x00000646   Code   RO          113    .text.GLCD_Initialize  glcd_mcb1700.o
    0x0000480a   0x0000480a   0x00000002   PAD
    0x0000480c   0x0000480c   0x00000016   Code   RO          141    .text.GLCD_SetFont  glcd_mcb1700.o
    0x00004822   0x00004822   0x00000002   PAD
    0x00004824   0x00004824   0x00000016   Code   RO          125    .text.GLCD_SetForegroundColor  glcd_mcb1700.o
    0x0000483a   0x0000483a   0x00000002   PAD
    0x0000483c   0x0000483c   0x000000c2   Code   RO          131    .text.GLCD_SetWindow  glcd_mcb1700.o
    0x000048fe   0x000048fe   0x00000002   PAD
    0x00004900   0x00004900   0x000001a0   Code   RO         1851    .text.GPDMA_ChannelConfigure  gpdma_lpc17xx.o
    0x00004aa0   0x00004aa0   0x00000044   Code   RO         1859    .text.GPDMA_ChannelDisable  gpdma_lpc17xx.o
    0x00004ae4   0x00004ae4   0x00000048   Code   RO         1863    .text.GPDMA_ChannelGetCount  gpdma_lpc17xx.o
    0x00004b2c   0x00004b2c   0x000000be   Code   RO         1839    .text.GPDMA_Initialize  gpdma_lpc17xx.o
    0x00004bea   0x00004bea   0x00000002   PAD
    0x00004bec   0x00004bec   0x00000088   Code   RO         1849    .text.GPDMA_PeripheralSelect  gpdma_lpc17xx.o
    0x00004c74   0x00004c74   0x0000005e   Code   RO         1845    .text.GPDMA_Uninitialize  gpdma_lpc17xx.o
    0x00004cd2   0x00004cd2   0x00000002   PAD
    0x00004cd4   0x00004cd4   0x00000020   Code   RO         1883    .text.GPIO_PinRead  gpio_lpc17xx.o
    0x00004cf4   0x00004cf4   0x0000003e   Code   RO         1881    .text.GPIO_PinWrite  gpio_lpc17xx.o
    0x00004d32   0x00004d32   0x00000002   PAD
    0x00004d34   0x00004d34   0x00000032   Code   RO         1877    .text.GPIO_PortClock  gpio_lpc17xx.o
    0x00004d66   0x00004d66   0x00000002   PAD
    0x00004d68   0x00004d68   0x0000004a   Code   RO         1879    .text.GPIO_SetDir   gpio_lpc17xx.o
    0x00004db2   0x00004db2   0x00000002   PAD
    0x00004db4   0x00004db4   0x0000005a   Code   RO         1681    .text.GetSSPClockFreq  ssp_lpc17xx.o
    0x00004e0e   0x00004e0e   0x00000002   PAD
    0x00004e10   0x00004e10   0x0000005a   Code   RO         1706    .text.GetUsartClockFreq  uart_lpc17xx.o
    0x00004e6a   0x00004e6a   0x00000002   PAD
    0x00004e6c   0x00004e6c   0x00000010   Code   RO         1552    .text.I2C2_IRQHandler  i2c_lpc17xx.o
    0x00004e7c   0x00004e7c   0x00000046   Code   RO         1554    .text.I2Cx_IRQHandler  i2c_lpc17xx.o
    0x00004ec2   0x00004ec2   0x00000002   PAD
    0x00004ec4   0x00004ec4   0x000002d0   Code   RO         1580    .text.I2Cx_MasterHandler  i2c_lpc17xx.o
    0x00005194   0x00005194   0x00000306   Code   RO         1582    .text.I2Cx_SlaveHandler  i2c_lpc17xx.o
    0x0000549a   0x0000549a   0x00000002   PAD
    0x0000549c   0x0000549c   0x00000058   Code   RO           20    .text.InitCan1      main.o
    0x000054f4   0x000054f4   0x000000a8   Code   RO            4    .text.Init_Motor    main.o
    0x0000559c   0x0000559c   0x0000008c   Code   RO            6    .text.Init_Servo_Timer  main.o
    0x00005628   0x00005628   0x00000086   Code   RO           36    .text.Init_UART     main.o
    0x000056ae   0x000056ae   0x00000002   PAD
    0x000056b0   0x000056b0   0x00000014   Code   RO          194    .text.IsException   rtx_delay.o
    0x000056c4   0x000056c4   0x00000014   Code   RO          665    .text.IsException   rtx_kernel.o
    0x000056d8   0x000056d8   0x00000014   Code   RO          913    .text.IsException   rtx_msgqueue.o
    0x000056ec   0x000056ec   0x00000014   Code   RO          994    .text.IsException   rtx_mutex.o
    0x00005700   0x00005700   0x00000014   Code   RO         1197    .text.IsException   rtx_thread.o
    0x00005714   0x00005714   0x0000002e   Code   RO          196    .text.IsIrqMasked   rtx_delay.o
    0x00005742   0x00005742   0x00000002   PAD
    0x00005744   0x00005744   0x0000002e   Code   RO          667    .text.IsIrqMasked   rtx_kernel.o
    0x00005772   0x00005772   0x00000002   PAD
    0x00005774   0x00005774   0x0000002e   Code   RO          915    .text.IsIrqMasked   rtx_msgqueue.o
    0x000057a2   0x000057a2   0x00000002   PAD
    0x000057a4   0x000057a4   0x0000002e   Code   RO          996    .text.IsIrqMasked   rtx_mutex.o
    0x000057d2   0x000057d2   0x00000002   PAD
    0x000057d4   0x000057d4   0x0000002e   Code   RO         1199    .text.IsIrqMasked   rtx_thread.o
    0x00005802   0x00005802   0x00000002   PAD
    0x00005804   0x00005804   0x00000022   Code   RO          949    .text.IsMessageQueuePtrValid  rtx_msgqueue.o
    0x00005826   0x00005826   0x00000002   PAD
    0x00005828   0x00005828   0x00000022   Code   RO         1012    .text.IsMutexPtrValid  rtx_mutex.o
    0x0000584a   0x0000584a   0x00000002   PAD
    0x0000584c   0x0000584c   0x00000014   Code   RO          671    .text.IsPrivileged  rtx_kernel.o
    0x00005860   0x00005860   0x00000022   Code   RO         1283    .text.IsThreadPtrValid  rtx_thread.o
    0x00005882   0x00005882   0x00000002   PAD
    0x00005884   0x00005884   0x00000018   Code   RO          815    .text.MemBlockPtr   rtx_memory.o
    0x0000589c   0x0000589c   0x0000000a   Code   RO          813    .text.MemHeadPtr    rtx_memory.o
    0x000058a6   0x000058a6   0x00000002   PAD
    0x000058a8   0x000058a8   0x00000052   Code   RO          965    .text.MessageQueueGet  rtx_msgqueue.o
    0x000058fa   0x000058fa   0x00000002   PAD
    0x000058fc   0x000058fc   0x000000ac   Code   RO          957    .text.MessageQueuePut  rtx_msgqueue.o
    0x000059a8   0x000059a8   0x00000042   Code   RO          953    .text.MessageQueueRemove  rtx_msgqueue.o
    0x000059ea   0x000059ea   0x00000002   PAD
    0x000059ec   0x000059ec   0x0000000c   Code   RO         1427    .text.OS_Tick_AcknowledgeIRQ  os_systick.o
    0x000059f8   0x000059f8   0x0000003c   Code   RO         1423    .text.OS_Tick_Enable  os_systick.o
    0x00005a34   0x00005a34   0x00000006   Code   RO         1429    .text.OS_Tick_GetIRQn  os_systick.o
    0x00005a3a   0x00005a3a   0x00000002   PAD
    0x00005a3c   0x00005a3c   0x0000007e   Code   RO         1421    .text.OS_Tick_Setup  os_systick.o
    0x00005aba   0x00005aba   0x00000002   PAD
    0x00005abc   0x00005abc   0x00000124   Code   RO         1896    .text.PIN_Configure  pin_lpc17xx.o
    0x00005be0   0x00005be0   0x0000001c   Code   RO         1655    .text.SSP1_Control  ssp_lpc17xx.o
    0x00005bfc   0x00005bfc   0x00000018   Code   RO         1631    .text.SSP1_GPDMA_Rx_SignalEvent  ssp_lpc17xx.o
    0x00005c14   0x00005c14   0x00000018   Code   RO         1629    .text.SSP1_GPDMA_Tx_SignalEvent  ssp_lpc17xx.o
    0x00005c2c   0x00005c2c   0x00000010   Code   RO         1653    .text.SSP1_GetDataCount  ssp_lpc17xx.o
    0x00005c3c   0x00005c3c   0x00000018   Code   RO         1657    .text.SSP1_GetStatus  ssp_lpc17xx.o
    0x00005c54   0x00005c54   0x00000010   Code   RO         1633    .text.SSP1_IRQHandler  ssp_lpc17xx.o
    0x00005c64   0x00005c64   0x00000018   Code   RO         1641    .text.SSP1_Initialize  ssp_lpc17xx.o
    0x00005c7c   0x00005c7c   0x0000001c   Code   RO         1645    .text.SSP1_PowerControl  ssp_lpc17xx.o
    0x00005c98   0x00005c98   0x0000001c   Code   RO         1649    .text.SSP1_Receive  ssp_lpc17xx.o
    0x00005cb4   0x00005cb4   0x0000001c   Code   RO         1647    .text.SSP1_Send     ssp_lpc17xx.o
    0x00005cd0   0x00005cd0   0x00000020   Code   RO         1651    .text.SSP1_Transfer  ssp_lpc17xx.o
    0x00005cf0   0x00005cf0   0x00000010   Code   RO         1643    .text.SSP1_Uninitialize  ssp_lpc17xx.o
    0x00005d00   0x00005d00   0x0000000c   Code   RO         1639    .text.SSP_GetCapabilities  ssp_lpc17xx.o
    0x00005d0c   0x00005d0c   0x00000012   Code   RO         1637    .text.SSP_GetVersion  ssp_lpc17xx.o
    0x00005d1e   0x00005d1e   0x00000002   PAD
    0x00005d20   0x00005d20   0x00000642   Code   RO         1679    .text.SSPx_Control  ssp_lpc17xx.o
    0x00006362   0x00006362   0x00000002   PAD
    0x00006364   0x00006364   0x0000004a   Code   RO         1627    .text.SSPx_GPDMA_Rx_SignalEvent  ssp_lpc17xx.o
    0x000063ae   0x000063ae   0x00000002   PAD
    0x000063b0   0x000063b0   0x0000002a   Code   RO         1625    .text.SSPx_GPDMA_Tx_SignalEvent  ssp_lpc17xx.o
    0x000063da   0x000063da   0x00000002   PAD
    0x000063dc   0x000063dc   0x00000048   Code   RO         1677    .text.SSPx_GetDataCount  ssp_lpc17xx.o
    0x00006424   0x00006424   0x00000044   Code   RO         1683    .text.SSPx_GetStatus  ssp_lpc17xx.o
    0x00006468   0x00006468   0x00000178   Code   RO         1635    .text.SSPx_IRQHandler  ssp_lpc17xx.o
    0x000065e0   0x000065e0   0x000000fc   Code   RO         1659    .text.SSPx_Initialize  ssp_lpc17xx.o
    0x000066dc   0x000066dc   0x00000204   Code   RO         1663    .text.SSPx_PowerControl  ssp_lpc17xx.o
    0x000068e0   0x000068e0   0x000001b4   Code   RO         1673    .text.SSPx_Receive  ssp_lpc17xx.o
    0x00006a94   0x00006a94   0x000001a4   Code   RO         1671    .text.SSPx_Send     ssp_lpc17xx.o
    0x00006c38   0x00006c38   0x000001a4   Code   RO         1675    .text.SSPx_Transfer  ssp_lpc17xx.o
    0x00006ddc   0x00006ddc   0x0000009a   Code   RO         1661    .text.SSPx_Uninitialize  ssp_lpc17xx.o
    0x00006e76   0x00006e76   0x00000002   PAD
    0x00006e78   0x00006e78   0x00000050   Code   RO          729    .text.SVC_Setup     rtx_kernel.o
    0x00006ec8   0x00006ec8   0x00000010   Code   RO         1118    .text.SetPendSV     rtx_system.o
    0x00006ed8   0x00006ed8   0x00000034   Code   RO         1163    .text.SetPrivileged  rtx_thread.o
    0x00006f0c   0x00006f0c   0x0000005c   Code   RO         1853    .text.Set_Channel_active_flag  gpdma_lpc17xx.o
    0x00006f68   0x00006f68   0x0000000c   Code   RO         1159    .text.StackOffsetR0  rtx_thread.o
    0x00006f74   0x00006f74   0x000001ac   Code   RO         1921    .text.SystemCoreClockUpdate  system_lpc17xx.o
    0x00007120   0x00007120   0x00000184   Code   RO         1923    .text.SystemInit    system_lpc17xx.o
    0x000072a4   0x000072a4   0x0000004c   Code   RO           12    .text.TIMER0_IRQHandler  main.o
    0x000072f0   0x000072f0   0x0000007c   Code   RO         1291    .text.ThreadFlagsCheck  rtx_thread.o
    0x0000736c   0x0000736c   0x0000001a   Code   RO         1341    .text.ThreadFlagsSet  rtx_thread.o
    0x00007386   0x00007386   0x00000002   PAD
    0x00007388   0x00007388   0x0000009e   Code   RO         1394    .text.TimerInsert   rtx_timer.o
    0x00007426   0x00007426   0x00000002   PAD
    0x00007428   0x00007428   0x00000028   Code   RO         1390    .text.TimerUnlink   rtx_timer.o
    0x00007450   0x00007450   0x00000010   Code   RO         1708    .text.UART1_IRQHandler  uart_lpc17xx.o
    0x00007460   0x00007460   0x00000010   Code   RO         1748    .text.UART2_IRQHandler  uart_lpc17xx.o
    0x00007470   0x00007470   0x0000001c   Code   RO         1740    .text.USART1_Control  uart_lpc17xx.o
    0x0000748c   0x0000748c   0x00000018   Code   RO         1716    .text.USART1_GPDMA_Rx_Event  uart_lpc17xx.o
    0x000074a4   0x000074a4   0x00000018   Code   RO         1712    .text.USART1_GPDMA_Tx_Event  uart_lpc17xx.o
    0x000074bc   0x000074bc   0x00000018   Code   RO         1722    .text.USART1_GetCapabilities  uart_lpc17xx.o
    0x000074d4   0x000074d4   0x00000018   Code   RO         1746    .text.USART1_GetModemStatus  uart_lpc17xx.o
    0x000074ec   0x000074ec   0x00000010   Code   RO         1738    .text.USART1_GetRxCount  uart_lpc17xx.o
    0x000074fc   0x000074fc   0x00000018   Code   RO         1742    .text.USART1_GetStatus  uart_lpc17xx.o
    0x00007514   0x00007514   0x00000010   Code   RO         1736    .text.USART1_GetTxCount  uart_lpc17xx.o
    0x00007524   0x00007524   0x00000018   Code   RO         1724    .text.USART1_Initialize  uart_lpc17xx.o
    0x0000753c   0x0000753c   0x0000001c   Code   RO         1728    .text.USART1_PowerControl  uart_lpc17xx.o
    0x00007558   0x00007558   0x0000001c   Code   RO         1732    .text.USART1_Receive  uart_lpc17xx.o
    0x00007574   0x00007574   0x0000001c   Code   RO         1730    .text.USART1_Send   uart_lpc17xx.o
    0x00007590   0x00007590   0x0000001c   Code   RO         1744    .text.USART1_SetModemControl  uart_lpc17xx.o
    0x000075ac   0x000075ac   0x00000020   Code   RO         1734    .text.USART1_Transfer  uart_lpc17xx.o
    0x000075cc   0x000075cc   0x00000010   Code   RO         1726    .text.USART1_Uninitialize  uart_lpc17xx.o
    0x000075dc   0x000075dc   0x0000001c   Code   RO         1772    .text.USART2_Control  uart_lpc17xx.o
    0x000075f8   0x000075f8   0x00000018   Code   RO         1752    .text.USART2_GPDMA_Rx_Event  uart_lpc17xx.o
    0x00007610   0x00007610   0x00000018   Code   RO         1750    .text.USART2_GPDMA_Tx_Event  uart_lpc17xx.o
    0x00007628   0x00007628   0x00000018   Code   RO         1754    .text.USART2_GetCapabilities  uart_lpc17xx.o
    0x00007640   0x00007640   0x00000018   Code   RO         1778    .text.USART2_GetModemStatus  uart_lpc17xx.o
    0x00007658   0x00007658   0x00000010   Code   RO         1770    .text.USART2_GetRxCount  uart_lpc17xx.o
    0x00007668   0x00007668   0x00000018   Code   RO         1774    .text.USART2_GetStatus  uart_lpc17xx.o
    0x00007680   0x00007680   0x00000010   Code   RO         1768    .text.USART2_GetTxCount  uart_lpc17xx.o
    0x00007690   0x00007690   0x00000018   Code   RO         1756    .text.USART2_Initialize  uart_lpc17xx.o
    0x000076a8   0x000076a8   0x0000001c   Code   RO         1760    .text.USART2_PowerControl  uart_lpc17xx.o
    0x000076c4   0x000076c4   0x0000001c   Code   RO         1764    .text.USART2_Receive  uart_lpc17xx.o
    0x000076e0   0x000076e0   0x0000001c   Code   RO         1762    .text.USART2_Send   uart_lpc17xx.o
    0x000076fc   0x000076fc   0x0000001c   Code   RO         1776    .text.USART2_SetModemControl  uart_lpc17xx.o
    0x00007718   0x00007718   0x00000020   Code   RO         1766    .text.USART2_Transfer  uart_lpc17xx.o
    0x00007738   0x00007738   0x00000010   Code   RO         1758    .text.USART2_Uninitialize  uart_lpc17xx.o
    0x00007748   0x00007748   0x000007ec   Code   RO         1806    .text.USART_Control  uart_lpc17xx.o
    0x00007f34   0x00007f34   0x000000ca   Code   RO         1718    .text.USART_GPDMA_Rx_Event  uart_lpc17xx.o
    0x00007ffe   0x00007ffe   0x00000002   PAD
    0x00008000   0x00008000   0x0000006a   Code   RO         1714    .text.USART_GPDMA_Tx_Event  uart_lpc17xx.o
    0x0000806a   0x0000806a   0x00000002   PAD
    0x0000806c   0x0000806c   0x00000010   Code   RO         1782    .text.USART_GetCapabilities  uart_lpc17xx.o
    0x0000807c   0x0000807c   0x000000f6   Code   RO         1814    .text.USART_GetModemStatus  uart_lpc17xx.o
    0x00008172   0x00008172   0x00000002   PAD
    0x00008174   0x00008174   0x0000002c   Code   RO         1804    .text.USART_GetRxCount  uart_lpc17xx.o
    0x000081a0   0x000081a0   0x00000098   Code   RO         1810    .text.USART_GetStatus  uart_lpc17xx.o
    0x00008238   0x00008238   0x0000002c   Code   RO         1802    .text.USART_GetTxCount  uart_lpc17xx.o
    0x00008264   0x00008264   0x000003cc   Code   RO         1710    .text.USART_IRQHandler  uart_lpc17xx.o
    0x00008630   0x00008630   0x00000164   Code   RO         1784    .text.USART_Initialize  uart_lpc17xx.o
    0x00008794   0x00008794   0x00000138   Code   RO         1808    .text.USART_PIN_Configure  uart_lpc17xx.o
    0x000088cc   0x000088cc   0x000002c2   Code   RO         1788    .text.USART_PowerControl  uart_lpc17xx.o
    0x00008b8e   0x00008b8e   0x00000002   PAD
    0x00008b90   0x00008b90   0x00000186   Code   RO         1798    .text.USART_Receive  uart_lpc17xx.o
    0x00008d16   0x00008d16   0x00000002   PAD
    0x00008d18   0x00008d18   0x000000ba   Code   RO         1780    .text.USART_RxLineIntHandler  uart_lpc17xx.o
    0x00008dd2   0x00008dd2   0x00000002   PAD
    0x00008dd4   0x00008dd4   0x00000242   Code   RO         1796    .text.USART_Send    uart_lpc17xx.o
    0x00009016   0x00009016   0x00000002   PAD
    0x00009018   0x00009018   0x000001a4   Code   RO         1704    .text.USART_SetBaudrate  uart_lpc17xx.o
    0x000091bc   0x000091bc   0x000000f2   Code   RO         1812    .text.USART_SetModemControl  uart_lpc17xx.o
    0x000092ae   0x000092ae   0x00000002   PAD
    0x000092b0   0x000092b0   0x000000aa   Code   RO         1800    .text.USART_Transfer  uart_lpc17xx.o
    0x0000935a   0x0000935a   0x00000002   PAD
    0x0000935c   0x0000935c   0x00000132   Code   RO         1786    .text.USART_Uninitialize  uart_lpc17xx.o
    0x0000948e   0x0000948e   0x00000002   PAD
    0x00009490   0x00009490   0x00000012   Code   RO         1720    .text.USARTx_GetVersion  uart_lpc17xx.o
    0x000094a2   0x000094a2   0x00000002   PAD
    0x000094a4   0x000094a4   0x00000030   Code   RO         1500    .text.__NVIC_ClearPendingIRQ  can_lpc17xx.o
    0x000094d4   0x000094d4   0x00000030   Code   RO         1667    .text.__NVIC_ClearPendingIRQ  ssp_lpc17xx.o
    0x00009504   0x00009504   0x00000030   Code   RO         1792    .text.__NVIC_ClearPendingIRQ  uart_lpc17xx.o
    0x00009534   0x00009534   0x00000030   Code   RO         1841    .text.__NVIC_ClearPendingIRQ  gpdma_lpc17xx.o
    0x00009564   0x00009564   0x00000038   Code   RO         1496    .text.__NVIC_DisableIRQ  can_lpc17xx.o
    0x0000959c   0x0000959c   0x00000038   Code   RO         1584    .text.__NVIC_DisableIRQ  i2c_lpc17xx.o
    0x000095d4   0x000095d4   0x00000038   Code   RO         1665    .text.__NVIC_DisableIRQ  ssp_lpc17xx.o
    0x0000960c   0x0000960c   0x00000038   Code   RO         1790    .text.__NVIC_DisableIRQ  uart_lpc17xx.o
    0x00009644   0x00009644   0x00000038   Code   RO         1847    .text.__NVIC_DisableIRQ  gpdma_lpc17xx.o
    0x0000967c   0x0000967c   0x00000030   Code   RO           10    .text.__NVIC_EnableIRQ  main.o
    0x000096ac   0x000096ac   0x00000030   Code   RO           78    .text.__NVIC_EnableIRQ  adc_mcb1700.o
    0x000096dc   0x000096dc   0x00000030   Code   RO         1502    .text.__NVIC_EnableIRQ  can_lpc17xx.o
    0x0000970c   0x0000970c   0x00000030   Code   RO         1669    .text.__NVIC_EnableIRQ  ssp_lpc17xx.o
    0x0000973c   0x0000973c   0x00000030   Code   RO         1794    .text.__NVIC_EnableIRQ  uart_lpc17xx.o
    0x0000976c   0x0000976c   0x00000030   Code   RO         1843    .text.__NVIC_EnableIRQ  gpdma_lpc17xx.o
    0x0000979c   0x0000979c   0x00000010   Code   RO          731    .text.__NVIC_GetPriorityGrouping  rtx_kernel.o
    0x000097ac   0x000097ac   0x00000042   Code   RO            8    .text.__NVIC_SetPriority  main.o
    0x000097ee   0x000097ee   0x00000002   PAD
    0x000097f0   0x000097f0   0x00000096   Code   RO          766    .text.__user_perthread_libspace  rtx_lib.o
    0x00009886   0x00009886   0x00000002   PAD
    0x00009888   0x00009888   0x00000020   Code   RO          776    .text._mutex_acquire  rtx_lib.o
    0x000098a8   0x000098a8   0x00000012   Code   RO          780    .text._mutex_free   rtx_lib.o
    0x000098ba   0x000098ba   0x00000002   PAD
    0x000098bc   0x000098bc   0x00000032   Code   RO          774    .text._mutex_initialize  rtx_lib.o
    0x000098ee   0x000098ee   0x00000002   PAD
    0x000098f0   0x000098f0   0x0000001c   Code   RO          778    .text._mutex_release  rtx_lib.o
    0x0000990c   0x0000990c   0x00000008   Code   RO          764    .text._platform_post_stackheap_init  rtx_lib.o
    0x00009914   0x00009914   0x00000038   Code   RO         1293    .text.atomic_chk32_all  rtx_thread.o
    0x0000994c   0x0000994c   0x00000034   Code   RO         1295    .text.atomic_chk32_any  rtx_thread.o
    0x00009980   0x00009980   0x0000002c   Code   RO         1120    .text.atomic_dec16_nz  rtx_system.o
    0x000099ac   0x000099ac   0x00000020   Code   RO          840    .text.atomic_dec32  rtx_mempool.o
    0x000099cc   0x000099cc   0x00000028   Code   RO          967    .text.atomic_dec32_nz  rtx_msgqueue.o
    0x000099f4   0x000099f4   0x00000034   Code   RO         1122    .text.atomic_inc16_lim  rtx_system.o
    0x00009a28   0x00009a28   0x00000038   Code   RO         1126    .text.atomic_inc16_lt  rtx_system.o
    0x00009a60   0x00009a60   0x00000020   Code   RO          834    .text.atomic_inc32  rtx_mempool.o
    0x00009a80   0x00009a80   0x00000020   Code   RO          959    .text.atomic_inc32  rtx_msgqueue.o
    0x00009aa0   0x00009aa0   0x00000028   Code   RO          832    .text.atomic_link_get  rtx_mempool.o
    0x00009ac8   0x00009ac8   0x00000030   Code   RO          838    .text.atomic_link_put  rtx_mempool.o
    0x00009af8   0x00009af8   0x00000028   Code   RO         1343    .text.atomic_set32  rtx_thread.o
    0x00009b20   0x00009b20   0x00000028   Code   RO          969    .text.atomic_wr8    rtx_msgqueue.o
    0x00009b48   0x00009b48   0x00000044   Code   RO          121    .text.delay_ms      glcd_mcb1700.o
    0x00009b8c   0x00009b8c   0x000000ac   Code   RO          927    .text.isrRtxMessageQueueGet  rtx_msgqueue.o
    0x00009c38   0x00009c38   0x000000bc   Code   RO          923    .text.isrRtxMessageQueuePut  rtx_msgqueue.o
    0x00009cf4   0x00009cf4   0x00000086   Code   RO         1275    .text.isrRtxThreadFlagsSet  rtx_thread.o
    0x00009d7a   0x00009d7a   0x00000002   PAD
    0x00009d7c   0x00009d7c   0x00000054   Code   RO         1102    .text.isr_queue_get  rtx_system.o
    0x00009dd0   0x00009dd0   0x0000005e   Code   RO         1116    .text.isr_queue_put  rtx_system.o
    0x00009e2e   0x00009e2e   0x00000002   PAD
    0x00009e30   0x00009e30   0x000001c2   Code   RO           40    .text.main          main.o
    0x00009ff2   0x00009ff2   0x00000002   PAD
    0x00009ff4   0x00009ff4   0x0000002a   Code   RO            2    .text.map           main.o
    0x0000a01e   0x0000a01e   0x00000002   PAD
    0x0000a020   0x0000a020   0x00000028   Code   RO           24    .text.myUART_Callback  main.o
    0x0000a048   0x0000a048   0x00000054   Code   RO          192    .text.osDelay       rtx_delay.o
    0x0000a09c   0x0000a09c   0x00000042   Code   RO          675    .text.osKernelGetState  rtx_kernel.o
    0x0000a0de   0x0000a0de   0x00000002   PAD
    0x0000a0e0   0x0000a0e0   0x0000004a   Code   RO          663    .text.osKernelInitialize  rtx_kernel.o
    0x0000a12a   0x0000a12a   0x00000002   PAD
    0x0000a12c   0x0000a12c   0x00000046   Code   RO          679    .text.osKernelStart  rtx_kernel.o
    0x0000a172   0x0000a172   0x00000002   PAD
    0x0000a174   0x0000a174   0x0000007e   Code   RO          925    .text.osMessageQueueGet  rtx_msgqueue.o
    0x0000a1f2   0x0000a1f2   0x00000002   PAD
    0x0000a1f4   0x0000a1f4   0x00000072   Code   RO          911    .text.osMessageQueueNew  rtx_msgqueue.o
    0x0000a266   0x0000a266   0x00000002   PAD
    0x0000a268   0x0000a268   0x0000008a   Code   RO          921    .text.osMessageQueuePut  rtx_msgqueue.o
    0x0000a2f2   0x0000a2f2   0x00000002   PAD
    0x0000a2f4   0x0000a2f4   0x00000064   Code   RO         1002    .text.osMutexAcquire  rtx_mutex.o
    0x0000a358   0x0000a358   0x00000056   Code   RO         1008    .text.osMutexDelete  rtx_mutex.o
    0x0000a3ae   0x0000a3ae   0x00000002   PAD
    0x0000a3b0   0x0000a3b0   0x00000056   Code   RO          992    .text.osMutexNew    rtx_mutex.o
    0x0000a406   0x0000a406   0x00000002   PAD
    0x0000a408   0x0000a408   0x00000056   Code   RO         1004    .text.osMutexRelease  rtx_mutex.o
    0x0000a45e   0x0000a45e   0x00000002   PAD
    0x0000a460   0x0000a460   0x00000030   Code   RO         1449    .text.osRtxErrorNotify  rtx_config.o
    0x0000a490   0x0000a490   0x0000000a   Code   RO         1106    .text.osRtxEventFlagsObject  rtx_system.o
    0x0000a49a   0x0000a49a   0x00000002   PAD
    0x0000a49c   0x0000a49c   0x00000008   Code   RO         1447    .text.osRtxIdleThread  rtx_config.o
    0x0000a4a4   0x0000a4a4   0x00000002   Code   RO          659    .text.osRtxKernelBeforeInit  rtx_kernel.o
    0x0000a4a6   0x0000a4a6   0x00000002   PAD
    0x0000a4a8   0x0000a4a8   0x0000001c   Code   RO          661    .text.osRtxKernelErrorNotify  rtx_kernel.o
    0x0000a4c4   0x0000a4c4   0x0000000c   Code   RO         1098    .text.osRtxKernelGetState  rtx_system.o
    0x0000a4d0   0x0000a4d0   0x0000000c   Code   RO         1167    .text.osRtxKernelGetState  rtx_thread.o
    0x0000a4dc   0x0000a4dc   0x0000000c   Code   RO          725    .text.osRtxKernelState  rtx_kernel.o
    0x0000a4e8   0x0000a4e8   0x0000014c   Code   RO          817    .text.osRtxMemoryAlloc  rtx_memory.o
    0x0000a634   0x0000a634   0x000000c2   Code   RO          819    .text.osRtxMemoryFree  rtx_memory.o
    0x0000a6f6   0x0000a6f6   0x00000002   PAD
    0x0000a6f8   0x0000a6f8   0x00000096   Code   RO          811    .text.osRtxMemoryInit  rtx_memory.o
    0x0000a78e   0x0000a78e   0x00000002   PAD
    0x0000a790   0x0000a790   0x0000004a   Code   RO          830    .text.osRtxMemoryPoolAlloc  rtx_mempool.o
    0x0000a7da   0x0000a7da   0x00000002   PAD
    0x0000a7dc   0x0000a7dc   0x00000064   Code   RO          836    .text.osRtxMemoryPoolFree  rtx_mempool.o
    0x0000a840   0x0000a840   0x00000098   Code   RO          828    .text.osRtxMemoryPoolInit  rtx_mempool.o
    0x0000a8d8   0x0000a8d8   0x0000000a   Code   RO         1110    .text.osRtxMemoryPoolObject  rtx_system.o
    0x0000a8e2   0x0000a8e2   0x00000002   PAD
    0x0000a8e4   0x0000a8e4   0x0000000a   Code   RO         1112    .text.osRtxMessageObject  rtx_system.o
    0x0000a8ee   0x0000a8ee   0x00000002   PAD
    0x0000a8f0   0x0000a8f0   0x0000000a   Code   RO          907    .text.osRtxMessageQueueId  rtx_msgqueue.o
    0x0000a8fa   0x0000a8fa   0x00000002   PAD
    0x0000a8fc   0x0000a8fc   0x00000144   Code   RO          951    .text.osRtxMessageQueuePostProcess  rtx_msgqueue.o
    0x0000aa40   0x0000aa40   0x0000003e   Code   RO          905    .text.osRtxMessageQueueTimerSetup  rtx_msgqueue.o
    0x0000aa7e   0x0000aa7e   0x00000002   PAD
    0x0000aa80   0x0000aa80   0x0000005a   Code   RO         1028    .text.osRtxMutexDestroy  rtx_mutex.o
    0x0000aada   0x0000aada   0x00000002   PAD
    0x0000aadc   0x0000aadc   0x0000000a   Code   RO         1014    .text.osRtxMutexId  rtx_mutex.o
    0x0000aae6   0x0000aae6   0x00000002   PAD
    0x0000aae8   0x0000aae8   0x0000000a   Code   RO         1155    .text.osRtxMutexObject  rtx_thread.o
    0x0000aaf2   0x0000aaf2   0x00000002   PAD
    0x0000aaf4   0x0000aaf4   0x00000098   Code   RO          986    .text.osRtxMutexOwnerRelease  rtx_mutex.o
    0x0000ab8c   0x0000ab8c   0x000000ac   Code   RO          990    .text.osRtxMutexOwnerRestore  rtx_mutex.o
    0x0000ac38   0x0000ac38   0x000000fc   Code   RO         1026    .text.osRtxMutexOwnerUnlock  rtx_mutex.o
    0x0000ad34   0x0000ad34   0x0000000a   Code   RO          955    .text.osRtxObject   rtx_msgqueue.o
    0x0000ad3e   0x0000ad3e   0x00000002   PAD
    0x0000ad40   0x0000ad40   0x0000000a   Code   RO          988    .text.osRtxObject   rtx_mutex.o
    0x0000ad4a   0x0000ad4a   0x00000002   PAD
    0x0000ad4c   0x0000ad4c   0x0000000a   Code   RO         1124    .text.osRtxObject   rtx_system.o
    0x0000ad56   0x0000ad56   0x00000002   PAD
    0x0000ad58   0x0000ad58   0x0000000a   Code   RO         1143    .text.osRtxObject   rtx_thread.o
    0x0000ad62   0x0000ad62   0x00000002   PAD
    0x0000ad64   0x0000ad64   0x000000b8   Code   RO         1100    .text.osRtxPendSV_Handler  rtx_system.o
    0x0000ae1c   0x0000ae1c   0x00000042   Code   RO         1114    .text.osRtxPostProcess  rtx_system.o
    0x0000ae5e   0x0000ae5e   0x00000002   PAD
    0x0000ae60   0x0000ae60   0x0000000a   Code   RO         1108    .text.osRtxSemaphoreObject  rtx_system.o
    0x0000ae6a   0x0000ae6a   0x00000002   PAD
    0x0000ae6c   0x0000ae6c   0x00000010   Code   RO          770    .text.osRtxThreadBeforeFree  rtx_lib.o
    0x0000ae7c   0x0000ae7c   0x00000088   Code   RO         1171    .text.osRtxThreadBlock  rtx_thread.o
    0x0000af04   0x0000af04   0x000000fa   Code   RO         1177    .text.osRtxThreadDelayInsert  rtx_thread.o
    0x0000affe   0x0000affe   0x00000002   PAD
    0x0000b000   0x0000b000   0x0000009c   Code   RO         1149    .text.osRtxThreadDelayRemove  rtx_thread.o
    0x0000b09c   0x0000b09c   0x00000150   Code   RO         1151    .text.osRtxThreadDelayTick  rtx_thread.o
    0x0000b1ec   0x0000b1ec   0x00000060   Code   RO         1183    .text.osRtxThreadDestroy  rtx_thread.o
    0x0000b24c   0x0000b24c   0x00000096   Code   RO         1165    .text.osRtxThreadDispatch  rtx_thread.o
    0x0000b2e2   0x0000b2e2   0x00000002   PAD
    0x0000b2e4   0x0000b2e4   0x000000a2   Code   RO         1185    .text.osRtxThreadFree  rtx_thread.o
    0x0000b386   0x0000b386   0x00000002   PAD
    0x0000b388   0x0000b388   0x0000000c   Code   RO          963    .text.osRtxThreadGetRunning  rtx_msgqueue.o
    0x0000b394   0x0000b394   0x0000000c   Code   RO         1018    .text.osRtxThreadGetRunning  rtx_mutex.o
    0x0000b3a0   0x0000b3a0   0x0000000c   Code   RO         1169    .text.osRtxThreadGetRunning  rtx_thread.o
    0x0000b3ac   0x0000b3ac   0x0000000c   Code   RO         1388    .text.osRtxThreadGetRunning  rtx_timer.o
    0x0000b3b8   0x0000b3b8   0x0000000a   Code   RO         1191    .text.osRtxThreadId  rtx_thread.o
    0x0000b3c2   0x0000b3c2   0x00000002   PAD
    0x0000b3c4   0x0000b3c4   0x0000003c   Code   RO         1181    .text.osRtxThreadJoinWakeup  rtx_thread.o
    0x0000b400   0x0000b400   0x00000036   Code   RO         1139    .text.osRtxThreadListGet  rtx_thread.o
    0x0000b436   0x0000b436   0x00000002   PAD
    0x0000b438   0x0000b438   0x00000076   Code   RO         1135    .text.osRtxThreadListPut  rtx_thread.o
    0x0000b4ae   0x0000b4ae   0x00000002   PAD
    0x0000b4b0   0x0000b4b0   0x00000032   Code   RO         1145    .text.osRtxThreadListRemove  rtx_thread.o
    0x0000b4e2   0x0000b4e2   0x00000002   PAD
    0x0000b4e4   0x0000b4e4   0x00000022   Code   RO         1153    .text.osRtxThreadListRoot  rtx_thread.o
    0x0000b506   0x0000b506   0x00000002   PAD
    0x0000b508   0x0000b508   0x00000058   Code   RO         1141    .text.osRtxThreadListSort  rtx_thread.o
    0x0000b560   0x0000b560   0x0000000a   Code   RO         1104    .text.osRtxThreadObject  rtx_system.o
    0x0000b56a   0x0000b56a   0x00000002   PAD
    0x0000b56c   0x0000b56c   0x0000000a   Code   RO         1137    .text.osRtxThreadObject  rtx_thread.o
    0x0000b576   0x0000b576   0x00000002   PAD
    0x0000b578   0x0000b578   0x00000044   Code   RO         1289    .text.osRtxThreadPostProcess  rtx_thread.o
    0x0000b5bc   0x0000b5bc   0x00000020   Code   RO         1147    .text.osRtxThreadReadyPut  rtx_thread.o
    0x0000b5dc   0x0000b5dc   0x00000022   Code   RO         1157    .text.osRtxThreadRegPtr  rtx_thread.o
    0x0000b5fe   0x0000b5fe   0x00000002   PAD
    0x0000b600   0x0000b600   0x00000014   Code   RO         1325    .text.osRtxThreadSetRunning  rtx_thread.o
    0x0000b614   0x0000b614   0x00000014   Code   RO         1392    .text.osRtxThreadSetRunning  rtx_timer.o
    0x0000b628   0x0000b628   0x0000003c   Code   RO         1179    .text.osRtxThreadStackCheck  rtx_thread.o
    0x0000b664   0x0000b664   0x00000096   Code   RO         1189    .text.osRtxThreadStartup  rtx_thread.o
    0x0000b6fa   0x0000b6fa   0x00000002   PAD
    0x0000b6fc   0x0000b6fc   0x0000002e   Code   RO         1161    .text.osRtxThreadSwitch  rtx_thread.o
    0x0000b72a   0x0000b72a   0x00000002   PAD
    0x0000b72c   0x0000b72c   0x00000076   Code   RO         1175    .text.osRtxThreadWaitEnter  rtx_thread.o
    0x0000b7a2   0x0000b7a2   0x00000002   PAD
    0x0000b7a4   0x0000b7a4   0x00000046   Code   RO         1173    .text.osRtxThreadWaitExit  rtx_thread.o
    0x0000b7ea   0x0000b7ea   0x00000002   PAD
    0x0000b7ec   0x0000b7ec   0x00000110   Code   RO         1096    .text.osRtxTick_Handler  rtx_system.o
    0x0000b8fc   0x0000b8fc   0x00000030   Code   RO         1364    .text.osRtxTimerSetup  rtx_timer.o
    0x0000b92c   0x0000b92c   0x00000032   Code   RO         1368    .text.osRtxTimerThread  rtx_timer.o
    0x0000b95e   0x0000b95e   0x00000002   PAD
    0x0000b960   0x0000b960   0x000000dc   Code   RO         1366    .text.osRtxTimerTick  rtx_timer.o
    0x0000ba3c   0x0000ba3c   0x00000010   Code   RO         1285    .text.osThreadEntry  rtx_thread.o
    0x0000ba4c   0x0000ba4c   0x00000024   Code   RO         1237    .text.osThreadExit  rtx_thread.o
    0x0000ba70   0x0000ba70   0x0000005e   Code   RO         1273    .text.osThreadFlagsSet  rtx_thread.o
    0x0000bace   0x0000bace   0x00000002   PAD
    0x0000bad0   0x0000bad0   0x00000072   Code   RO         1281    .text.osThreadFlagsWait  rtx_thread.o
    0x0000bb42   0x0000bb42   0x00000002   PAD
    0x0000bb44   0x0000bb44   0x0000003a   Code   RO         1213    .text.osThreadGetId  rtx_thread.o
    0x0000bb7e   0x0000bb7e   0x00000002   PAD
    0x0000bb80   0x0000bb80   0x00000072   Code   RO         1195    .text.osThreadNew   rtx_thread.o
    0x0000bbf2   0x0000bbf2   0x00000002   PAD
    0x0000bbf4   0x0000bbf4   0x00000036   Code   RO          768    .text.os_kernel_is_active  rtx_lib.o
    0x0000bc2a   0x0000bc2a   0x00000002   PAD
    0x0000bc2c   0x0000bc2c   0x00000068   Code   RO          169    .text.rd_dat        glcd_mcb1700.o
    0x0000bc94   0x0000bc94   0x000000c2   Code   RO          115    .text.rd_id_man     glcd_mcb1700.o
    0x0000bd56   0x0000bd56   0x00000002   PAD
    0x0000bd58   0x0000bd58   0x00000018   Code   RO          117    .text.rd_reg        glcd_mcb1700.o
    0x0000bd70   0x0000bd70   0x00000042   Code   RO          171    .text.spi_tran      glcd_mcb1700.o
    0x0000bdb2   0x0000bdb2   0x00000002   PAD
    0x0000bdb4   0x0000bdb4   0x0000009a   Code   RO          167    .text.spi_tran_man  glcd_mcb1700.o
    0x0000be4e   0x0000be4e   0x00000002   PAD
    0x0000be50   0x0000be50   0x00000050   Code   RO          200    .text.svcRtxDelay   rtx_delay.o
    0x0000bea0   0x0000bea0   0x00000016   Code   RO          677    .text.svcRtxKernelGetState  rtx_kernel.o
    0x0000beb6   0x0000beb6   0x00000002   PAD
    0x0000beb8   0x0000beb8   0x00000304   Code   RO          723    .text.svcRtxKernelInitialize  rtx_kernel.o
    0x0000c1bc   0x0000c1bc   0x000000a4   Code   RO          727    .text.svcRtxKernelStart  rtx_kernel.o
    0x0000c260   0x0000c260   0x00000168   Code   RO          971    .text.svcRtxMessageQueueGet  rtx_msgqueue.o
    0x0000c3c8   0x0000c3c8   0x00000290   Code   RO          909    .text.svcRtxMessageQueueNew  rtx_msgqueue.o
    0x0000c658   0x0000c658   0x0000015c   Code   RO          961    .text.svcRtxMessageQueuePut  rtx_msgqueue.o
    0x0000c7b4   0x0000c7b4   0x00000176   Code   RO         1016    .text.svcRtxMutexAcquire  rtx_mutex.o
    0x0000c92a   0x0000c92a   0x00000002   PAD
    0x0000c92c   0x0000c92c   0x00000058   Code   RO         1024    .text.svcRtxMutexDelete  rtx_mutex.o
    0x0000c984   0x0000c984   0x00000142   Code   RO         1010    .text.svcRtxMutexNew  rtx_mutex.o
    0x0000cac6   0x0000cac6   0x00000002   PAD
    0x0000cac8   0x0000cac8   0x000001a0   Code   RO         1020    .text.svcRtxMutexRelease  rtx_mutex.o
    0x0000cc68   0x0000cc68   0x00000084   Code   RO         1323    .text.svcRtxThreadExit  rtx_thread.o
    0x0000ccec   0x0000ccec   0x000000d6   Code   RO         1345    .text.svcRtxThreadFlagsSet  rtx_thread.o
    0x0000cdc2   0x0000cdc2   0x00000002   PAD
    0x0000cdc4   0x0000cdc4   0x000000be   Code   RO         1355    .text.svcRtxThreadFlagsWait  rtx_thread.o
    0x0000ce82   0x0000ce82   0x00000002   PAD
    0x0000ce84   0x0000ce84   0x00000016   Code   RO         1215    .text.svcRtxThreadGetId  rtx_thread.o
    0x0000ce9a   0x0000ce9a   0x00000002   PAD
    0x0000ce9c   0x0000ce9c   0x0000046a   Code   RO         1193    .text.svcRtxThreadNew  rtx_thread.o
    0x0000d306   0x0000d306   0x00000002   PAD
    0x0000d308   0x0000d308   0x000001be   Code   RO           32    .text.tache_2D      main.o
    0x0000d4c6   0x0000d4c6   0x00000002   PAD
    0x0000d4c8   0x0000d4c8   0x00000108   Code   RO           34    .text.tache_alerte  main.o
    0x0000d5d0   0x0000d5d0   0x000000d6   Code   RO           28    .text.tache_recup   main.o
    0x0000d6a6   0x0000d6a6   0x00000002   PAD
    0x0000d6a8   0x0000d6a8   0x00000116   Code   RO           26    .text.tache_traitement  main.o
    0x0000d7be   0x0000d7be   0x00000002   PAD
    0x0000d7c0   0x0000d7c0   0x000000d4   Code   RO           30    .text.tache_vitesse  main.o
    0x0000d894   0x0000d894   0x000000f8   Code   RO           16    .text.thread_bluetooth  main.o
    0x0000d98c   0x0000d98c   0x000001f2   Code   RO           18    .text.thread_motor  main.o
    0x0000db7e   0x0000db7e   0x00000002   PAD
    0x0000db80   0x0000db80   0x00000048   Code   RO          772    .text.user_perthread_libspace_free  rtx_lib.o
    0x0000dbc8   0x0000dbc8   0x00000068   Code   RO          133    .text.wr_cmd        glcd_mcb1700.o
    0x0000dc30   0x0000dc30   0x0000006c   Code   RO          145    .text.wr_dat        glcd_mcb1700.o
    0x0000dc9c   0x0000dc9c   0x00000048   Code   RO          137    .text.wr_dat_only   glcd_mcb1700.o
    0x0000dce4   0x0000dce4   0x0000001a   Code   RO          135    .text.wr_dat_start  glcd_mcb1700.o
    0x0000dcfe   0x0000dcfe   0x00000002   PAD
    0x0000dd00   0x0000dd00   0x00000014   Code   RO          139    .text.wr_dat_stop   glcd_mcb1700.o
    0x0000dd14   0x0000dd14   0x000000cc   Code   RO          119    .text.wr_reg        glcd_mcb1700.o
    0x0000dde0   0x0000dde0   0x00000012   Code   RO         1287    .text.xPSR_InitVal  rtx_thread.o
    0x0000ddf2   0x0000ddf2   0x0000003e   Code   RO         2197    CL$$btod_d2e        c_w.l(btod.o)
    0x0000de30   0x0000de30   0x00000046   Code   RO         2199    CL$$btod_d2e_denorm_low  c_w.l(btod.o)
    0x0000de76   0x0000de76   0x00000060   Code   RO         2198    CL$$btod_d2e_norm_op1  c_w.l(btod.o)
    0x0000ded6   0x0000ded6   0x00000002   PAD
    0x0000ded8   0x0000ded8   0x00000338   Code   RO         2207    CL$$btod_div_common  c_w.l(btod.o)
    0x0000e210   0x0000e210   0x000000dc   Code   RO         2204    CL$$btod_e2e        c_w.l(btod.o)
    0x0000e2ec   0x0000e2ec   0x0000002a   Code   RO         2201    CL$$btod_ediv       c_w.l(btod.o)
    0x0000e316   0x0000e316   0x0000002a   Code   RO         2200    CL$$btod_emul       c_w.l(btod.o)
    0x0000e340   0x0000e340   0x00000244   Code   RO         2206    CL$$btod_mult_common  c_w.l(btod.o)
    0x0000e584   0x0000e584   0x00000028   Code   RO         2238    i.__ARM_fpclassify  m_ws.l(fpclassify.o)
    0x0000e5ac   0x0000e5ac   0x00000026   Code   RO         2111    i.__ARM_fpclassifyf  m_ws.l(fpclassifyf.o)
    0x0000e5d2   0x0000e5d2   0x00000006   Code   RO         2114    i.__mathlib_flt_infnan  m_ws.l(funder.o)
    0x0000e5d8   0x0000e5d8   0x00000008   Code   RO         2116    i.__mathlib_flt_invalid  m_ws.l(funder.o)
    0x0000e5e0   0x0000e5e0   0x0000000a   Code   RO         2119    i.__mathlib_flt_underflow  m_ws.l(funder.o)
    0x0000e5ea   0x0000e5ea   0x00000002   PAD
    0x0000e5ec   0x0000e5ec   0x00000168   Code   RO         2127    i.__mathlib_rredf2  m_ws.l(rredf.o)
    0x0000e754   0x0000e754   0x0000000e   Code   RO         2051    i._is_digit         c_w.l(__printf_wp.o)
    0x0000e762   0x0000e762   0x00000002   PAD
    0x0000e764   0x0000e764   0x0000017c   Code   RO         1979    i.cosf              m_ws.l(cosf.o)
    0x0000e8e0   0x0000e8e0   0x00000188   Code   RO         1983    i.sinf              m_ws.l(sinf.o)
    0x0000ea68   0x0000ea68   0x0000002c   Code   RO         2222    locale$$code        c_w.l(lc_numeric_c.o)
    0x0000ea94   0x0000ea94   0x0000002c   Code   RO         2247    locale$$code        c_w.l(lc_ctype_c.o)
    0x0000eac0   0x0000eac0   0x00000062   Code   RO         1948    x$fpl$d2f           fz_ws.l(d2f.o)
    0x0000eb22   0x0000eb22   0x00000002   PAD
    0x0000eb24   0x0000eb24   0x00000154   Code   RO         1950    x$fpl$dmul          fz_ws.l(dmul.o)
    0x0000ec78   0x0000ec78   0x0000009c   Code   RO         2086    x$fpl$dnaninf       fz_ws.l(dnaninf.o)
    0x0000ed14   0x0000ed14   0x0000000c   Code   RO         2088    x$fpl$dretinf       fz_ws.l(dretinf.o)
    0x0000ed20   0x0000ed20   0x00000056   Code   RO         1952    x$fpl$f2d           fz_ws.l(f2d.o)
    0x0000ed76   0x0000ed76   0x00000002   PAD
    0x0000ed78   0x0000ed78   0x000000c4   Code   RO         1954    x$fpl$fadd          fz_ws.l(faddsub_clz.o)
    0x0000ee3c   0x0000ee3c   0x0000000c   Code   RO         2234    x$fpl$fcheck1       fz_ws.l(fcheck1.o)
    0x0000ee48   0x0000ee48   0x00000054   Code   RO         1960    x$fpl$fcmp          fz_ws.l(fcmp.o)
    0x0000ee9c   0x0000ee9c   0x00000018   Code   RO         2174    x$fpl$fcmpinf       fz_ws.l(fcmpi.o)
    0x0000eeb4   0x0000eeb4   0x00000184   Code   RO         1963    x$fpl$fdiv          fz_ws.l(fdiv.o)
    0x0000f038   0x0000f038   0x00000068   Code   RO         2090    x$fpl$feqf          fz_ws.l(feqf.o)
    0x0000f0a0   0x0000f0a0   0x00000036   Code   RO         1966    x$fpl$ffix          fz_ws.l(ffix.o)
    0x0000f0d6   0x0000f0d6   0x00000002   PAD
    0x0000f0d8   0x0000f0d8   0x00000030   Code   RO         1971    x$fpl$fflt          fz_ws.l(fflt_clz.o)
    0x0000f108   0x0000f108   0x00000026   Code   RO         1970    x$fpl$ffltu         fz_ws.l(fflt_clz.o)
    0x0000f12e   0x0000f12e   0x00000002   PAD
    0x0000f130   0x0000f130   0x00000068   Code   RO         2092    x$fpl$fgeqf         fz_ws.l(fgeqf.o)
    0x0000f198   0x0000f198   0x00000068   Code   RO         2094    x$fpl$fleqf         fz_ws.l(fleqf.o)
    0x0000f200   0x0000f200   0x00000102   Code   RO         1976    x$fpl$fmul          fz_ws.l(fmul.o)
    0x0000f302   0x0000f302   0x0000008c   Code   RO         2096    x$fpl$fnaninf       fz_ws.l(fnaninf.o)
    0x0000f38e   0x0000f38e   0x0000000a   Code   RO         2098    x$fpl$fretinf       fz_ws.l(fretinf.o)
    0x0000f398   0x0000f398   0x00000060   Code   RO         2100    x$fpl$frnd          fz_ws.l(frnd.o)
    0x0000f3f8   0x0000f3f8   0x00000014   Code   RO         1955    x$fpl$frsb          fz_ws.l(faddsub_clz.o)
    0x0000f40c   0x0000f40c   0x000000ea   Code   RO         1956    x$fpl$fsub          fz_ws.l(faddsub_clz.o)
    0x0000f4f6   0x0000f4f6   0x00000004   Code   RO         2102    x$fpl$printf1       fz_ws.l(printf1.o)
    0x0000f4fa   0x0000f4fa   0x00000004   Code   RO         2104    x$fpl$printf2       fz_ws.l(printf2.o)
    0x0000f4fe   0x0000f4fe   0x00000064   Code   RO         2302    x$fpl$retnan        fz_ws.l(retnan.o)
    0x0000f562   0x0000f562   0x0000004c   Code   RO         2176    x$fpl$scalbnf       fz_ws.l(scalbnf.o)
    0x0000f5ae   0x0000f5ae   0x00000030   Code   RO         2325    x$fpl$trapveneer    fz_ws.l(trapv.o)
    0x0000f5de   0x0000f5de   0x00000000   Code   RO         2110    x$fpl$usenofp       fz_ws.l(usenofp.o)
    0x0000f5de   0x0000f5de   0x00000002   PAD
    0x0000f5e0   0x0000f5e0   0x00000008   Data   RO         2010    .constdata          c_w.l(_printf_wctomb.o)
    0x0000f5e8   0x0000f5e8   0x00000028   Data   RO         2039    .constdata          c_w.l(_printf_hex_int_ll_ptr.o)
    0x0000f610   0x0000f610   0x00000011   Data   RO         2059    .constdata          c_w.l(__printf_flags_ss_wp.o)
    0x0000f621   0x0000f621   0x00000003   PAD
    0x0000f624   0x0000f624   0x00000020   Data   RO         2128    .constdata          m_ws.l(rredf.o)
    0x0000f644   0x0000f644   0x00000026   Data   RO         2163    .constdata          c_w.l(_printf_fp_hex.o)
    0x0000f66a   0x0000f66a   0x00000002   PAD
    0x0000f66c   0x0000f66c   0x00000094   Data   RO         2195    .constdata          c_w.l(bigflt0.o)
    0x0000f700   0x0000f700   0x00000070   Data   RO          790    .rodata             rtx_lib.o
    0x0000f770   0x0000f770   0x00000038   Data   RO          793    .rodata             rtx_lib.o
    0x0000f7a8   0x0000f7a8   0x0000003c   Data   RO         1534    .rodata.Driver_CAN1  can_lpc17xx.o
    0x0000f7e4   0x0000f7e4   0x0000002c   Data   RO         1686    .rodata.Driver_SPI1  ssp_lpc17xx.o
    0x0000f810   0x0000f810   0x00000038   Data   RO         1817    .rodata.Driver_USART1  uart_lpc17xx.o
    0x0000f848   0x0000f848   0x00000038   Data   RO         1818    .rodata.Driver_USART2  uart_lpc17xx.o
    0x0000f880   0x0000f880   0x00001500   Data   RO          106    .rodata.Font_16x24_h  glcd_fonts.o
    0x00010d80   0x00010d80   0x00000010   Data   RO          107    .rodata.GLCD_Font_16x24  glcd_fonts.o
    0x00010d90   0x00010d90   0x0000002c   Data   RO         1612    .rodata.I2C2_Resources  i2c_lpc17xx.o
    0x00010dbc   0x00010dbc   0x00000048   Data   RO         1685    .rodata.SSP1_Resources  ssp_lpc17xx.o
    0x00010e04   0x00010e04   0x00000002   Data   RO         1689    .rodata.SSP1_pin_miso  ssp_lpc17xx.o
    0x00010e06   0x00010e06   0x00000002   Data   RO         1690    .rodata.SSP1_pin_mosi  ssp_lpc17xx.o
    0x00010e08   0x00010e08   0x00000002   Data   RO         1688    .rodata.SSP1_pin_sck  ssp_lpc17xx.o
    0x00010e0a   0x00010e0a   0x00000002   Data   RO         1687    .rodata.SSP1_pin_ssel  ssp_lpc17xx.o
    0x00010e0c   0x00010e0c   0x00000008   Data   RO         1822    .rodata.USART1_DMA_Rx  uart_lpc17xx.o
    0x00010e14   0x00010e14   0x00000008   Data   RO         1821    .rodata.USART1_DMA_Tx  uart_lpc17xx.o
    0x00010e1c   0x00010e1c   0x00000064   Data   RO         1824    .rodata.USART1_Resources  uart_lpc17xx.o
    0x00010e80   0x00010e80   0x00000002   Data   RO         1820    .rodata.USART1_pin_rx  uart_lpc17xx.o
    0x00010e82   0x00010e82   0x00000002   Data   RO         1819    .rodata.USART1_pin_tx  uart_lpc17xx.o
    0x00010e84   0x00010e84   0x00000008   Data   RO         1829    .rodata.USART2_DMA_Rx  uart_lpc17xx.o
    0x00010e8c   0x00010e8c   0x00000008   Data   RO         1828    .rodata.USART2_DMA_Tx  uart_lpc17xx.o
    0x00010e94   0x00010e94   0x00000064   Data   RO         1831    .rodata.USART2_Resources  uart_lpc17xx.o
    0x00010ef8   0x00010ef8   0x00000002   Data   RO         1827    .rodata.USART2_pin_rx  uart_lpc17xx.o
    0x00010efa   0x00010efa   0x00000002   Data   RO         1826    .rodata.USART2_pin_tx  uart_lpc17xx.o
    0x00010efc   0x00010efc   0x00000120   Data   RO         1816    .rodata.fract_div_lookup_table  uart_lpc17xx.o
    0x0001101c   0x0001101c   0x00000004   Data   RO          792    .rodata.osRtxUserSVC  rtx_lib.o
    0x00011020   0x00011020   0x00000024   Data   RO          787    .rodata.os_idle_thread_attr  rtx_lib.o
    0x00011044   0x00011044   0x00000018   Data   RO          789    .rodata.os_timer_mq_attr  rtx_lib.o
    0x0001105c   0x0001105c   0x00000024   Data   RO          788    .rodata.os_timer_thread_attr  rtx_lib.o
    0x00011080   0x00011080   0x00000008   Data   RO         1528    .rodata.ptr_CANx    can_lpc17xx.o
    0x00011088   0x00011088   0x0000003c   Data   RO           56    .rodata.str1.1      main.o
    0x000110c4   0x000110c4   0x0000000b   Data   RO          755    .rodata.str1.1      rtx_kernel.o
    0x000110cf   0x000110cf   0x00000001   PAD
    0x000110d0   0x000110d0   0x00000030   Data   RO         2386    Region$$Table       anon$$obj.o
    0x00011100   0x00011100   0x0000001c   Data   RO         2221    locale$$data        c_w.l(lc_numeric_c.o)
    0x0001111c   0x0001111c   0x00000110   Data   RO         2246    locale$$data        c_w.l(lc_ctype_c.o)


    Execution Region RW_IRAM1 (Exec base: 0x10000000, Load base: 0x0001122c, Size: 0x00004e60, Max: 0x00008000, ABSOLUTE)

    Exec Addr    Load Addr    Size         Type   Attr      Idx    E Section Name        Object

    0x10000000        -       0x00004e60   Zero   RW          782    .bss.os             rtx_lib.o


    Execution Region RW_IRAM2 (Exec base: 0x2007c000, Load base: 0x00011230, Size: 0x00000ce0, Max: 0x00008000, ABSOLUTE)

    Exec Addr    Load Addr    Size         Type   Attr      Idx    E Section Name        Object

    0x2007c000   0x00011230   0x00000004   Data   RW         1614    .data.I2C2_PIN      i2c_lpc17xx.o
    0x2007c004   0x00011234   0x00000004   Data   RW         1925    .data.SystemCoreClock  system_lpc17xx.o
    0x2007c008   0x00011238   0x00000002   Data   RW          175    .data.background_color  glcd_mcb1700.o
    0x2007c00a   0x0001123a   0x00000002   PAD
    0x2007c00c   0x0001123c   0x000000a4   Data   RW          756    .data.os            rtx_kernel.o
    0x2007c0b0   0x000112e0   0x00000018   Data   RW          783    .data.os.evflags.mpi  rtx_lib.o
    0x2007c0c8   0x000112f8   0x00000018   Data   RW          786    .data.os.msgqueue.mpi  rtx_lib.o
    0x2007c0e0   0x00011310   0x00000018   Data   RW          784    .data.os.mutex.mpi  rtx_lib.o
    0x2007c0f8   0x00011328   0x00000018   Data   RW          785    .data.os.semaphore.mpi  rtx_lib.o
    0x2007c110        -       0x00000060   Zero   RW         2179    .bss                c_w.l(libspace.o)
    0x2007c170        -       0x00000001   Zero   RW           95    .bss.AD_done        adc_mcb1700.o
    0x2007c171   0x00011340   0x00000001   PAD
    0x2007c172        -       0x00000002   Zero   RW           96    .bss.AD_last        adc_mcb1700.o
    0x2007c174        -       0x00000004   Zero   RW         1529    .bss.CAN_SignalObjectEvent  can_lpc17xx.o
    0x2007c178        -       0x00000004   Zero   RW         1531    .bss.CAN_SignalUnitEvent  can_lpc17xx.o
    0x2007c17c        -       0x00000004   Zero   RW         1869    .bss.Channel_active  gpdma_lpc17xx.o
    0x2007c180        -       0x000000a0   Zero   RW         1868    .bss.Channel_info   gpdma_lpc17xx.o
    0x2007c220        -       0x00000001   Zero   RW          173    .bss.Himax          glcd_mcb1700.o
    0x2007c221   0x00011340   0x00000003   PAD
    0x2007c224        -       0x00000024   Zero   RW         1615    .bss.I2C2_Ctrl      i2c_lpc17xx.o
    0x2007c248        -       0x00000004   Zero   RW           53    .bss.ID_BAL_2D      main.o
    0x2007c24c        -       0x00000004   Zero   RW           54    .bss.ID_BAL_ALERTE  main.o
    0x2007c250        -       0x00000004   Zero   RW           52    .bss.ID_BAL_LCD     main.o
    0x2007c254        -       0x00000004   Zero   RW           58    .bss.ID_BAL_VITESSE_CAN  main.o
    0x2007c258        -       0x00000004   Zero   RW           49    .bss.ID_CANthreadT  main.o
    0x2007c25c        -       0x00000004   Zero   RW           55    .bss.ID_mut_GLCD    main.o
    0x2007c260        -       0x00000004   Zero   RW           63    .bss.ID_tache_2D    main.o
    0x2007c264        -       0x00000004   Zero   RW           64    .bss.ID_tache_alerte  main.o
    0x2007c268        -       0x00000004   Zero   RW           61    .bss.ID_tache_recup  main.o
    0x2007c26c        -       0x00000004   Zero   RW           50    .bss.ID_tache_traitement  main.o
    0x2007c270        -       0x00000004   Zero   RW           62    .bss.ID_tache_vitesse  main.o
    0x2007c274        -       0x00000004   Zero   RW           59    .bss.ID_thread_bluetooth  main.o
    0x2007c278        -       0x00000004   Zero   RW           60    .bss.ID_thread_motor  main.o
    0x2007c27c        -       0x00000004   Zero   RW         1867    .bss.Init_cnt       gpdma_lpc17xx.o
    0x2007c280        -       0x00000010   Zero   RW         1691    .bss.SSP1_Info      ssp_lpc17xx.o
    0x2007c290        -       0x0000001c   Zero   RW         1692    .bss.SSP1_Xfer      ssp_lpc17xx.o
    0x2007c2ac        -       0x00000004   Zero   RW         1696    .bss.SSPx_Receive.dummy_data  ssp_lpc17xx.o
    0x2007c2b0        -       0x00000004   Zero   RW         1695    .bss.SSPx_Send.dummy_data  ssp_lpc17xx.o
    0x2007c2b4        -       0x00000034   Zero   RW         1823    .bss.USART1_Info    uart_lpc17xx.o
    0x2007c2e8        -       0x00000034   Zero   RW         1830    .bss.USART2_Info    uart_lpc17xx.o
    0x2007c31c        -       0x00000004   Zero   RW          176    .bss.active_font    glcd_mcb1700.o
    0x2007c320        -       0x00000004   Zero   RW           44    .bss.angle          main.o
    0x2007c324        -       0x00000001   Zero   RW         1537    .bss.can_driver_initialized  can_lpc17xx.o
    0x2007c325        -       0x00000001   Zero   RW         1538    .bss.can_driver_powered  can_lpc17xx.o
    0x2007c326        -       0x00000001   Zero   RW         1533    .bss.can_last_error_code  can_lpc17xx.o
    0x2007c327        -       0x00000001   Zero   RW         1541    .bss.can_loopback   can_lpc17xx.o
    0x2007c328        -       0x00000001   Zero   RW         1540    .bss.can_no_retransmission  can_lpc17xx.o
    0x2007c329        -       0x00000001   Zero   RW         1542    .bss.can_obj_cfg_msk  can_lpc17xx.o
    0x2007c32a        -       0x00000003   Zero   RW         1530    .bss.can_obj_tx_alloc  can_lpc17xx.o
    0x2007c32d        -       0x00000001   Zero   RW         1539    .bss.can_obj_tx_alloc_lock  can_lpc17xx.o
    0x2007c32e        -       0x00000001   Zero   RW         1532    .bss.can_unit_state  can_lpc17xx.o
    0x2007c32f   0x00011340   0x00000001   PAD
    0x2007c330        -       0x00000004   Zero   RW           43    .bss.distance       main.o
    0x2007c334        -       0x00000008   Zero   RW           48    .bss.donnees_moteur  main.o
    0x2007c33c        -       0x00000002   Zero   RW          174    .bss.foreground_color  glcd_mcb1700.o
    0x2007c33e        -       0x00000005   Zero   RW           51    .bss.lidar_buffer1  main.o
    0x2007c343        -       0x00000001   Zero   RW         1439    .bss.os             os_systick.o
    0x2007c344        -       0x00000010   Zero   RW          795    .bss.os.evflags.cb  rtx_lib.o
    0x2007c354        -       0x000001f0   Zero   RW          794    .bss.os.libspace    rtx_lib.o
    0x2007c544        -       0x00000068   Zero   RW          798    .bss.os.msgqueue.cb  rtx_lib.o
    0x2007c5ac        -       0x00000050   Zero   RW          802    .bss.os.msgqueue.mem  rtx_lib.o
    0x2007c5fc        -       0x0000001c   Zero   RW          796    .bss.os.mutex.cb    rtx_lib.o
    0x2007c618        -       0x00000010   Zero   RW          797    .bss.os.semaphore.cb  rtx_lib.o
    0x2007c628        -       0x000000a0   Zero   RW          799    .bss.os.thread.cb   rtx_lib.o
    0x2007c6c8        -       0x00000200   Zero   RW          800    .bss.os.thread.idle.stack  rtx_lib.o
    0x2007c8c8        -       0x00000200   Zero   RW          801    .bss.os.thread.timer.stack  rtx_lib.o
    0x2007cac8        -       0x00000001   Zero   RW          803    .bss.os_kernel_is_active.os_kernel_active  rtx_lib.o
    0x2007cac9   0x00011340   0x00000003   PAD
    0x2007cacc        -       0x00000004   Zero   RW           42    .bss.packet_count   main.o
    0x2007cad0        -       0x00000004   Zero   RW           46    .bss.q_id           main.o
    0x2007cad4        -       0x00000001   Zero   RW           45    .bss.qualite        main.o
    0x2007cad5   0x00011340   0x00000003   PAD
    0x2007cad8        -       0x00000008   Zero   RW           47    .bss.vitesse        main.o
    0x2007cae0        -       0x00000000   Zero   RW         1909    HEAP                startup_lpc17xx.o
    0x2007cae0        -       0x00000200   Zero   RW         1908    STACK               startup_lpc17xx.o


==============================================================================

Image component sizes


      Code (inc. data)   RO Data    RW Data    ZI Data      Debug   Object Name

       184          0          0          0          3       4702   adc_mcb1700.o
      8674         34         68          0         19      19692   can_lpc17xx.o
         0          0       5392          0          0       1083   glcd_fonts.o
      3732          0          0          2          7       7640   glcd_mcb1700.o
      1810          0          0          0        168       7233   gpdma_lpc17xx.o
       218          0          0          0          0       3651   gpio_lpc17xx.o
      1636        388         44          4         36      12849   i2c_lpc17xx.o
       192         12          0          0          0        716   irq_armv7m.o
      3668          0         60          0         90      13566   main.o
       204          0          0          0          1       3674   os_systick.o
       292          0          0          0          0       2215   pin_lpc17xx.o
        56          6          0          0          0        733   rtx_config.o
       230          0          0          0          0       2744   rtx_delay.o
       616          0          0          0          0      26469   rtx_evr.o
      1392          0         11        164          0      16894   rtx_kernel.o
       428          0        268         96      21989       8064   rtx_lib.o
       710          0          0          0          0       2336   rtx_memory.o
       478          0          0          0          0      12583   rtx_mempool.o
      3052          0          0          0          0      15209   rtx_msgqueue.o
      2356          0          0          0          0       9406   rtx_mutex.o
       940         10          0          0          0       6248   rtx_system.o
      5086          0          0          0          0      32945   rtx_thread.o
       548          0          0          0          0       9314   rtx_timer.o
      4992         44        124          0         52      13770   ssp_lpc17xx.o
        64         26        204          0        512       1060   startup_lpc17xx.o
       816          8          0          4          0       2267   system_lpc17xx.o
      8496         56        640          0        104      22931   uart_lpc17xx.o

    ----------------------------------------------------------------------
     51230        584       6860        272      22992     259994   Object Totals
         0          0         48          0          0          0   (incl. Generated)
       360          0          1          2         11          0   (incl. Padding)

    ----------------------------------------------------------------------

      Code (inc. data)   RO Data    RW Data    ZI Data      Debug   Library Member Name

         8          0          0          0          0         68   __main.o
       392          4         17          0          0         92   __printf_flags_ss_wp.o
        14          0          0          0          0         68   __printf_wp.o
         0          0          0          0          0          0   __rtentry.o
        20          0          0          0          0          0   __rtentry2.o
         6          0          0          0          0          0   __rtentry4.o
        94          8          0          0          0          0   __scatter.o
        26          0          0          0          0          0   __scatter_copy.o
        28          0          0          0          0          0   __scatter_zi.o
        72          0          0          0          0         96   _c16rtomb.o
         6          0          0          0          0          0   _printf_a.o
         6          0          0          0          0          0   _printf_c.o
        44          0          0          0          0        108   _printf_char.o
        48          6          0          0          0         96   _printf_char_common.o
        40          0          0          0          0         68   _printf_charcount.o
         6          0          0          0          0          0   _printf_d.o
       120         16          0          0          0         92   _printf_dec.o
         6          0          0          0          0          0   _printf_e.o
         6          0          0          0          0          0   _printf_f.o
      1052          0          0          0          0        148   _printf_fp_dec.o
       764          8         38          0          0        100   _printf_fp_hex.o
       128         16          0          0          0         84   _printf_fp_infnan.o
         6          0          0          0          0          0   _printf_g.o
       148          4         40          0          0        160   _printf_hex_int_ll_ptr.o
         6          0          0          0          0          0   _printf_i.o
       178          0          0          0          0         88   _printf_intcommon.o
        10          0          0          0          0          0   _printf_l.o
         6          0          0          0          0          0   _printf_lc.o
        10          0          0          0          0          0   _printf_ll.o
         6          0          0          0          0          0   _printf_lld.o
         6          0          0          0          0          0   _printf_lli.o
         6          0          0          0          0          0   _printf_llo.o
         6          0          0          0          0          0   _printf_llu.o
         6          0          0          0          0          0   _printf_llx.o
       124         16          0          0          0         92   _printf_longlong_dec.o
         6          0          0          0          0          0   _printf_ls.o
         6          0          0          0          0          0   _printf_n.o
         6          0          0          0          0          0   _printf_o.o
       112          8          0          0          0        124   _printf_oct_int_ll.o
         6          0          0          0          0          0   _printf_p.o
        78          0          0          0          0        108   _printf_pad.o
         0          0          0          0          0          0   _printf_percent.o
         4          0          0          0          0          0   _printf_percent_end.o
         6          0          0          0          0          0   _printf_s.o
        82          0          0          0          0         80   _printf_str.o
        36          0          0          0          0         84   _printf_truncate.o
         6          0          0          0          0          0   _printf_u.o
        44          0          0          0          0        108   _printf_wchar.o
       188          6          8          0          0         92   _printf_wctomb.o
         6          0          0          0          0          0   _printf_x.o
        22          0          0          0          0        100   _rserrno.o
        10          0          0          0          0         68   _sputc.o
       228          4        148          0          0         96   bigflt0.o
      1936        128          0          0          0        668   btod.o
        18          0          0          0          0         80   exit.o
         6          0          0          0          0        152   heapauxi.o
         0          0          0          0          0          0   indicate_semi.o
        44         10        272          0          0         76   lc_ctype_c.o
        44         10         28          0          0         76   lc_numeric_c.o
         2          0          0          0          0          0   libinit.o
        30          0          0          0          0          0   libinit2.o
         2          0          0          0          0          0   libshutdown.o
         2          0          0          0          0          0   libshutdown2.o
         8          4          0          0         96         68   libspace.o
       138          0          0          0          0         80   lludiv10.o
       240          0          0          0          0        100   lludivv7m.o
        16          4          0          0          0         76   rt_ctype_table.o
         4          0          0          0          0         68   rt_errno_addr_twolibspace.o
        10          0          0          0          0         76   rt_locale_twolibspace.o
        68          0          0          0          0         68   rt_memclr.o
        78          0          0          0          0         80   rt_memclr_w.o
       138          0          0          0          0         68   rt_memcpy_v6.o
       100          0          0          0          0         80   rt_memcpy_w.o
         2          0          0          0          0          0   rtexit.o
        10          0          0          0          0          0   rtexit2.o
        44          6          0          0          0         84   sprintf.o
       128          0          0          0          0         68   strcmpv7m.o
        12          4          0          0          0         68   sys_exit.o
        74          0          0          0          0         80   sys_stackheap_outer.o
         2          0          0          0          0         68   use_no_semi.o
        98          4          0          0          0         92   d2f.o
       340         12          0          0          0        104   dmul.o
       156          4          0          0          0         92   dnaninf.o
        12          0          0          0          0         68   dretinf.o
        86          4          0          0          0         84   f2d.o
       450          8          0          0          0        236   faddsub_clz.o
        12          4          0          0          0         68   fcheck1.o
        84          0          0          0          0        196   fcmp.o
        24          0          0          0          0         68   fcmpi.o
       388         76          0          0          0         96   fdiv.o
       104          4          0          0          0         84   feqf.o
        54          4          0          0          0         84   ffix.o
        86          0          0          0          0        136   fflt_clz.o
       104          4          0          0          0         84   fgeqf.o
       104          4          0          0          0         84   fleqf.o
       258          4          0          0          0         84   fmul.o
       140          4          0          0          0         84   fnaninf.o
        10          0          0          0          0         68   fretinf.o
        96          4          0          0          0         76   frnd.o
         4          0          0          0          0         68   printf1.o
         4          0          0          0          0         68   printf2.o
       100          0          0          0          0         68   retnan.o
        76          0          0          0          0         68   scalbnf.o
        48          0          0          0          0         68   trapv.o
         0          0          0          0          0          0   usenofp.o
       380         52          0          0          0        124   cosf.o
        40          0          0          0          0         68   fpclassify.o
        38          0          0          0          0         68   fpclassifyf.o
        24          0          0          0          0        204   funder.o
       360         16         32          0          0         88   rredf.o
       392         54          0          0          0        124   sinf.o

    ----------------------------------------------------------------------
     11510        524        588          0         96       7308   Library Totals
        32          0          5          0          0          0   (incl. Padding)

    ----------------------------------------------------------------------

      Code (inc. data)   RO Data    RW Data    ZI Data      Debug   Library Name

      7406        262        551          0         96       4404   c_w.l
      2838        140          0          0          0       2228   fz_ws.l
      1234        122         32          0          0        676   m_ws.l

    ----------------------------------------------------------------------
     11510        524        588          0         96       7308   Library Totals

    ----------------------------------------------------------------------

==============================================================================


      Code (inc. data)   RO Data    RW Data    ZI Data      Debug   

     62740       1108       7448        272      23088     262746   Grand Totals
     62740       1108       7448        272      23088     262746   ELF Image Totals
     62740       1108       7448        272          0          0   ROM Totals

==============================================================================

    Total RO  Size (Code + RO Data)                70188 (  68.54kB)
    Total RW  Size (RW Data + ZI Data)             23360 (  22.81kB)
    Total ROM Size (Code + RO Data + RW Data)      70460 (  68.81kB)

==============================================================================

